Archive member included to satisfy reference by file (symbol)

/usr/lib/gcc/arm-none-eabi/13.2.1/thumb/v6-m/nofp/libgcc.a(_dvmd_tls.o)
                              CMakeFiles/hello_freertos.dir/home/vincent/pico-sdk/src/rp2_common/pico_divider/divider_hardware.S.o (__aeabi_idiv0)
/usr/lib/gcc/arm-none-eabi/13.2.1/../../../arm-none-eabi/lib/thumb/v6-m/nofp/libg.a(libc_a-strncmp.o)
                              CMakeFiles/hello_freertos.dir/home/vincent/pico-sdk/lib/cyw43-driver/src/cyw43_ll.c.o (strncmp)
/usr/lib/gcc/arm-none-eabi/13.2.1/../../../arm-none-eabi/lib/thumb/v6-m/nofp/libg.a(libc_a-memmove.o)
                              CMakeFiles/hello_freertos.dir/home/vincent/pico-sdk/lib/cyw43-driver/src/cyw43_ll.c.o (memmove)
/usr/lib/gcc/arm-none-eabi/13.2.1/../../../arm-none-eabi/lib/thumb/v6-m/nofp/libg.a(libc_a-calloc.o)
                              CMakeFiles/hello_freertos.dir/home/vincent/pico-sdk/src/rp2_common/pico_malloc/malloc.c.o (calloc)
/usr/lib/gcc/arm-none-eabi/13.2.1/../../../arm-none-eabi/lib/thumb/v6-m/nofp/libg.a(libc_a-impure.o)
                              /usr/lib/gcc/arm-none-eabi/13.2.1/../../../arm-none-eabi/lib/thumb/v6-m/nofp/libg.a(libc_a-calloc.o) (_impure_ptr)
/usr/lib/gcc/arm-none-eabi/13.2.1/../../../arm-none-eabi/lib/thumb/v6-m/nofp/libg.a(libc_a-callocr.o)
                              /usr/lib/gcc/arm-none-eabi/13.2.1/../../../arm-none-eabi/lib/thumb/v6-m/nofp/libg.a(libc_a-calloc.o) (_calloc_r)
/usr/lib/gcc/arm-none-eabi/13.2.1/../../../arm-none-eabi/lib/thumb/v6-m/nofp/libg.a(libc_a-realloc.o)
                              CMakeFiles/hello_freertos.dir/home/vincent/pico-sdk/src/rp2_common/pico_malloc/malloc.c.o (realloc)
/usr/lib/gcc/arm-none-eabi/13.2.1/../../../arm-none-eabi/lib/thumb/v6-m/nofp/libg.a(libc_a-mallocr.o)
                              /usr/lib/gcc/arm-none-eabi/13.2.1/../../../arm-none-eabi/lib/thumb/v6-m/nofp/libg.a(libc_a-callocr.o) (_malloc_r)
/usr/lib/gcc/arm-none-eabi/13.2.1/../../../arm-none-eabi/lib/thumb/v6-m/nofp/libg.a(libc_a-freer.o)
                              /usr/lib/gcc/arm-none-eabi/13.2.1/../../../arm-none-eabi/lib/thumb/v6-m/nofp/libg.a(libc_a-mallocr.o) (_free_r)
/usr/lib/gcc/arm-none-eabi/13.2.1/../../../arm-none-eabi/lib/thumb/v6-m/nofp/libg.a(libc_a-memcmp.o)
                              CMakeFiles/hello_freertos.dir/home/vincent/pico-sdk/src/rp2_common/pico_atomic/atomic.c.o (memcmp)
/usr/lib/gcc/arm-none-eabi/13.2.1/../../../arm-none-eabi/lib/thumb/v6-m/nofp/libg.a(libc_a-malloc.o)
                              CMakeFiles/hello_freertos.dir/home/vincent/pico-sdk/src/rp2_common/pico_malloc/malloc.c.o (malloc)
/usr/lib/gcc/arm-none-eabi/13.2.1/../../../arm-none-eabi/lib/thumb/v6-m/nofp/libg.a(libc_a-sysconf.o)
                              /usr/lib/gcc/arm-none-eabi/13.2.1/../../../arm-none-eabi/lib/thumb/v6-m/nofp/libg.a(libc_a-mallocr.o) (sysconf)
/usr/lib/gcc/arm-none-eabi/13.2.1/../../../arm-none-eabi/lib/thumb/v6-m/nofp/libg.a(libc_a-reallocr.o)
                              /usr/lib/gcc/arm-none-eabi/13.2.1/../../../arm-none-eabi/lib/thumb/v6-m/nofp/libg.a(libc_a-realloc.o) (_realloc_r)
/usr/lib/gcc/arm-none-eabi/13.2.1/../../../arm-none-eabi/lib/thumb/v6-m/nofp/libg.a(libc_a-mktime.o)
                              CMakeFiles/hello_freertos.dir/home/vincent/pico-sdk/src/common/pico_util/datetime.c.o (mktime)
/usr/lib/gcc/arm-none-eabi/13.2.1/../../../arm-none-eabi/lib/thumb/v6-m/nofp/libg.a(libc_a-mlock.o)
                              /usr/lib/gcc/arm-none-eabi/13.2.1/../../../arm-none-eabi/lib/thumb/v6-m/nofp/libg.a(libc_a-mallocr.o) (__malloc_lock)
/usr/lib/gcc/arm-none-eabi/13.2.1/../../../arm-none-eabi/lib/thumb/v6-m/nofp/libg.a(libc_a-findfp.o)
                              /usr/lib/gcc/arm-none-eabi/13.2.1/../../../arm-none-eabi/lib/thumb/v6-m/nofp/libg.a(libc_a-impure.o) (__sf)
/usr/lib/gcc/arm-none-eabi/13.2.1/../../../arm-none-eabi/lib/thumb/v6-m/nofp/libg.a(libc_a-tzlock.o)
                              /usr/lib/gcc/arm-none-eabi/13.2.1/../../../arm-none-eabi/lib/thumb/v6-m/nofp/libg.a(libc_a-mktime.o) (__tz_lock)
/usr/lib/gcc/arm-none-eabi/13.2.1/../../../arm-none-eabi/lib/thumb/v6-m/nofp/libg.a(libc_a-lcltime_r.o)
                              CMakeFiles/hello_freertos.dir/home/vincent/pico-sdk/src/common/pico_util/datetime.c.o (localtime_r)
/usr/lib/gcc/arm-none-eabi/13.2.1/../../../arm-none-eabi/lib/thumb/v6-m/nofp/libg.a(libc_a-strlen-stub.o)
                              CMakeFiles/hello_freertos.dir/home/vincent/pico-sdk/src/rp2_common/pico_stdio/stdio.c.o (strlen)
/usr/lib/gcc/arm-none-eabi/13.2.1/../../../arm-none-eabi/lib/thumb/v6-m/nofp/libg.a(libc_a-sbrkr.o)
                              /usr/lib/gcc/arm-none-eabi/13.2.1/../../../arm-none-eabi/lib/thumb/v6-m/nofp/libg.a(libc_a-mallocr.o) (_sbrk_r)
/usr/lib/gcc/arm-none-eabi/13.2.1/../../../arm-none-eabi/lib/thumb/v6-m/nofp/libg.a(libc_a-fwalk.o)
[...]
Memory Configuration

Name             Origin             Length             Attributes
FLASH            0x10000000         0x00200000         xr
XIP_RAM          0x15000000         0x00004000         xrw
RAM              0x20000000         0x00040000         xrw
SCRATCH_X        0x20040000         0x00001000         xrw
SCRATCH_Y        0x20041000         0x00001000         xrw
*default*        0x00000000         0xffffffff

Linker script and memory map

                0x20000000                        RAM_ORIGIN_DEFAULT = 0x20000000
                0x00040000                        RAM_LENGTH_DEFAULT = 0x40000
                0x20040000                        SCRATCH_X_ORIGIN_DEFAULT = 0x20040000
                0x00001000                        SCRATCH_X_LENGTH_DEFAULT = 0x1000
                0x20041000                        SCRATCH_Y_ORIGIN_DEFAULT = 0x20041000
                0x00001000                        SCRATCH_Y_LENGTH_DEFAULT = 0x1000
                0x15000000                        XIP_RAM_ORIGIN_DEFAULT = 0x15000000
                0x00004000                        XIP_RAM_LENGTH_DEFAULT = 0x4000
LOAD CMakeFiles/hello_freertos.dir/hello_freertos.c.o
LOAD CMakeFiles/hello_freertos.dir/home/vincent/pico-sdk/src/rp2_common/pico_stdlib/stdlib.c.o
LOAD CMakeFiles/hello_freertos.dir/home/vincent/pico-sdk/src/rp2_common/hardware_gpio/gpio.c.o
LOAD CMakeFiles/hello_freertos.dir/home/vincent/pico-sdk/src/rp2040/pico_platform/platform.c.o
LOAD CMakeFiles/hello_freertos.dir/home/vincent/pico-sdk/src/rp2_common/pico_platform_common/common.c.o
LOAD CMakeFiles/hello_freertos.dir/home/vincent/pico-sdk/src/rp2_common/pico_platform_panic/panic.c.o
LOAD CMakeFiles/hello_freertos.dir/home/vincent/pico-sdk/src/rp2_common/pico_platform_panic/custom_panic_function.S.o
LOAD CMakeFiles/hello_freertos.dir/home/vincent/pico-sdk/src/common/hardware_claim/claim.c.o
LOAD CMakeFiles/hello_freertos.dir/home/vincent/pico-sdk/src/rp2_common/hardware_sync/sync.c.o
LOAD CMakeFiles/hello_freertos.dir/home/vincent/pico-sdk/src/rp2_common/hardware_sync_spin_lock/sync_spin_lock.c.o
LOAD CMakeFiles/hello_freertos.dir/home/vincent/pico-sdk/src/rp2_common/hardware_irq/irq.c.o
LOAD CMakeFiles/hello_freertos.dir/home/vincent/pico-sdk/src/rp2_common/hardware_irq/irq_handler_chain.S.o
LOAD CMakeFiles/hello_freertos.dir/home/vincent/pico-sdk/src/common/pico_sync/sem.c.o
LOAD CMakeFiles/hello_freertos.dir/home/vincent/pico-sdk/src/common/pico_sync/lock_core.c.o
LOAD CMakeFiles/hello_freertos.dir/home/vincent/pico-sdk/src/common/pico_sync/mutex.c.o
LOAD CMakeFiles/hello_freertos.dir/home/vincent/pico-sdk/src/common/pico_sync/critical_section.c.o
LOAD CMakeFiles/hello_freertos.dir/home/vincent/pico-sdk/src/common/pico_time/time.c.o
LOAD CMakeFiles/hello_freertos.dir/home/vincent/pico-sdk/src/common/pico_time/timeout_helper.c.o
LOAD CMakeFiles/hello_freertos.dir/home/vincent/pico-sdk/src/rp2_common/hardware_timer/timer.c.o
LOAD CMakeFiles/hello_freertos.dir/home/vincent/pico-sdk/src/common/pico_util/datetime.c.o
LOAD CMakeFiles/hello_freertos.dir/home/vincent/pico-sdk/src/common/pico_util/fixed_bitset.c.o
LOAD CMakeFiles/hello_freertos.dir/home/vincent/pico-sdk/src/common/pico_util/pheap.c.o
LOAD CMakeFiles/hello_freertos.dir/home/vincent/pico-sdk/src/common/pico_util/queue.c.o
LOAD CMakeFiles/hello_freertos.dir/home/vincent/pico-sdk/src/rp2_common/hardware_uart/uart.c.o
LOAD CMakeFiles/hello_freertos.dir/home/vincent/pico-sdk/src/rp2_common/hardware_clocks/clocks.c.o
LOAD CMakeFiles/hello_freertos.dir/home/vincent/pico-sdk/src/rp2_common/hardware_pll/pll.c.o
LOAD CMakeFiles/hello_freertos.dir/home/vincent/pico-sdk/src/rp2_common/hardware_vreg/vreg.c.o
LOAD CMakeFiles/hello_freertos.dir/home/vincent/pico-sdk/src/rp2_common/hardware_watchdog/watchdog.c.o
LOAD CMakeFiles/hello_freertos.dir/home/vincent/pico-sdk/src/rp2_common/hardware_ticks/ticks.c.o
LOAD CMakeFiles/hello_freertos.dir/home/vincent/pico-sdk/src/rp2_common/pico_bootrom/bootrom.c.o
LOAD CMakeFiles/hello_freertos.dir/home/vincent/pico-sdk/src/rp2_common/pico_bootrom/bootrom_lock.c.o
LOAD CMakeFiles/hello_freertos.dir/home/vincent/pico-sdk/src/rp2_common/hardware_boot_lock/boot_lock.c.o
LOAD CMakeFiles/hello_freertos.dir/home/vincent/pico-sdk/src/rp2_common/pico_flash/flash.c.o
LOAD CMakeFiles/hello_freertos.dir/home/vincent/pico-sdk/src/rp2_common/hardware_xosc/xosc.c.o
LOAD CMakeFiles/hello_freertos.dir/home/vincent/pico-sdk/src/rp2_common/hardware_divider/divider.S.o
LOAD CMakeFiles/hello_freertos.dir/home/vincent/pico-sdk/src/rp2_common/pico_runtime/runtime.c.o
LOAD CMakeFiles/hello_freertos.dir/home/vincent/pico-sdk/src/rp2_common/pico_runtime_init/runtime_init.c.o
LOAD CMakeFiles/hello_freertos.dir/home/vincent/pico-sdk/src/rp2_common/pico_runtime_init/runtime_init_clocks.c.o
LOAD CMakeFiles/hello_freertos.dir/home/vincent/pico-sdk/src/rp2_common/pico_runtime_init/runtime_init_stack_guard.c.o
LOAD CMakeFiles/hello_freertos.dir/home/vincent/pico-sdk/src/rp2_common/hardware_rtc/rtc.c.o
LOAD CMakeFiles/hello_freertos.dir/home/vincent/pico-sdk/src/rp2_common/pico_bit_ops/bit_ops_aeabi.S.o
LOAD CMakeFiles/hello_freertos.dir/home/vincent/pico-sdk/src/rp2_common/pico_divider/divider_hardware.S.o
LOAD CMakeFiles/hello_freertos.dir/home/vincent/pico-sdk/src/rp2_common/pico_double/double_aeabi_rp2040.S.o
LOAD CMakeFiles/hello_freertos.dir/home/vincent/pico-sdk/src/rp2_common/pico_double/double_init_rom_rp2040.c.o
LOAD CMakeFiles/hello_freertos.dir/home/vincent/pico-sdk/src/rp2_common/pico_double/double_math.c.o
LOAD CMakeFiles/hello_freertos.dir/home/vincent/pico-sdk/src/rp2_common/pico_double/double_v1_rom_shim_rp2040.S.o
LOAD CMakeFiles/hello_freertos.dir/home/vincent/pico-sdk/src/rp2_common/pico_int64_ops/pico_int64_ops_aeabi.S.o
LOAD CMakeFiles/hello_freertos.dir/home/vincent/pico-sdk/src/rp2_common/pico_float/float_aeabi_rp2040.S.o
LOAD CMakeFiles/hello_freertos.dir/home/vincent/pico-sdk/src/rp2_common/pico_float/float_init_rom_rp2040.c.o
LOAD CMakeFiles/hello_freertos.dir/home/vincent/pico-sdk/src/rp2_common/pico_float/float_math.c.o
LOAD CMakeFiles/hello_freertos.dir/home/vincent/pico-sdk/src/rp2_common/pico_float/float_v1_rom_shim_rp2040.S.o
LOAD CMakeFiles/hello_freertos.dir/home/vincent/pico-sdk/src/rp2_common/pico_malloc/malloc.c.o
LOAD CMakeFiles/hello_freertos.dir/home/vincent/pico-sdk/src/rp2_common/pico_mem_ops/mem_ops_aeabi.S.o
LOAD CMakeFiles/hello_freertos.dir/home/vincent/pico-sdk/src/rp2_common/pico_atomic/atomic.c.o
LOAD CMakeFiles/hello_freertos.dir/home/vincent/pico-sdk/src/rp2_common/pico_cxx_options/new_delete.cpp.o
LOAD CMakeFiles/hello_freertos.dir/home/vincent/pico-sdk/src/rp2_common/pico_standard_binary_info/standard_binary_info.c.o
LOAD CMakeFiles/hello_freertos.dir/home/vincent/pico-sdk/src/rp2_common/pico_printf/printf.c.o
LOAD CMakeFiles/hello_freertos.dir/home/vincent/pico-sdk/src/rp2_common/pico_crt0/crt0.S.o
LOAD CMakeFiles/hello_freertos.dir/home/vincent/pico-sdk/src/rp2_common/pico_clib_interface/newlib_interface.c.o
LOAD CMakeFiles/hello_freertos.dir/home/vincent/pico-sdk/src/rp2_common/pico_clib_interface/cxa_guard.c.o
LOAD CMakeFiles/hello_freertos.dir/home/vincent/pico-sdk/src/rp2_common/pico_stdio/stdio.c.o
LOAD CMakeFiles/hello_freertos.dir/home/vincent/pico-sdk/src/rp2_common/pico_stdio_usb/stdio_usb.c.o
LOAD CMakeFiles/hello_freertos.dir/home/vincent/pico-sdk/src/rp2_common/pico_stdio_usb/stdio_usb_descriptors.c.o
LOAD CMakeFiles/hello_freertos.dir/home/vincent/pico-sdk/src/rp2_common/pico_unique_id/unique_id.c.o
LOAD CMakeFiles/hello_freertos.dir/home/vincent/pico-sdk/src/rp2_common/hardware_flash/flash.c.o
LOAD CMakeFiles/hello_freertos.dir/home/vincent/pico-sdk/src/rp2_common/hardware_xip_cache/xip_cache.c.o
LOAD CMakeFiles/hello_freertos.dir/home/vincent/pico-sdk/src/rp2_common/pico_usb_reset/usb_reset.c.o
LOAD CMakeFiles/hello_freertos.dir/home/vincent/pico-sdk/lib/tinyusb/src/portable/raspberrypi/rp2040/dcd_rp2040.c.o
LOAD CMakeFiles/hello_freertos.dir/home/vincent/pico-sdk/lib/tinyusb/src/portable/raspberrypi/rp2040/rp2040_usb.c.o
LOAD CMakeFiles/hello_freertos.dir/home/vincent/pico-sdk/lib/tinyusb/src/device/usbd.c.o
LOAD CMakeFiles/hello_freertos.dir/home/vincent/pico-sdk/lib/tinyusb/src/device/usbd_control.c.o
LOAD CMakeFiles/hello_freertos.dir/home/vincent/pico-sdk/lib/tinyusb/src/class/audio/audio_device.c.o
LOAD CMakeFiles/hello_freertos.dir/home/vincent/pico-sdk/lib/tinyusb/src/class/cdc/cdc_device.c.o
LOAD CMakeFiles/hello_freertos.dir/home/vincent/pico-sdk/lib/tinyusb/src/class/dfu/dfu_device.c.o
LOAD CMakeFiles/hello_freertos.dir/home/vincent/pico-sdk/lib/tinyusb/src/class/dfu/dfu_rt_device.c.o
LOAD CMakeFiles/hello_freertos.dir/home/vincent/pico-sdk/lib/tinyusb/src/class/hid/hid_device.c.o
LOAD CMakeFiles/hello_freertos.dir/home/vincent/pico-sdk/lib/tinyusb/src/class/midi/midi_device.c.o
LOAD CMakeFiles/hello_freertos.dir/home/vincent/pico-sdk/lib/tinyusb/src/class/msc/msc_device.c.o
LOAD CMakeFiles/hello_freertos.dir/home/vincent/pico-sdk/lib/tinyusb/src/class/net/ecm_rndis_device.c.o
LOAD CMakeFiles/hello_freertos.dir/home/vincent/pico-sdk/lib/tinyusb/src/class/net/ncm_device.c.o
LOAD CMakeFiles/hello_freertos.dir/home/vincent/pico-sdk/lib/tinyusb/src/class/usbtmc/usbtmc_device.c.o
LOAD CMakeFiles/hello_freertos.dir/home/vincent/pico-sdk/lib/tinyusb/src/class/vendor/vendor_device.c.o
LOAD CMakeFiles/hello_freertos.dir/home/vincent/pico-sdk/lib/tinyusb/src/class/video/video_device.c.o
LOAD CMakeFiles/hello_freertos.dir/home/vincent/pico-sdk/lib/tinyusb/src/tusb.c.o
LOAD CMakeFiles/hello_freertos.dir/home/vincent/pico-sdk/lib/tinyusb/src/common/tusb_fifo.c.o
LOAD CMakeFiles/hello_freertos.dir/home/vincent/pico-sdk/src/rp2_common/pico_fix/rp2040_usb_device_enumeration/rp2040_usb_device_enumeration.c.o
LOAD CMakeFiles/hello_freertos.dir/home/vincent/pico-sdk/src/rp2_common/pico_thread_local/thread_local.c.o
LOAD CMakeFiles/hello_freertos.dir/home/vincent/pico-sdk/src/rp2_common/pico_multicore/multicore.c.o
LOAD CMakeFiles/hello_freertos.dir/home/vincent/pico-sdk/src/rp2_common/pico_async_context/async_context_freertos.c.o
LOAD CMakeFiles/hello_freertos.dir/home/vincent/pico-sdk/src/rp2_common/pico_async_context/async_context_base.c.o
LOAD CMakeFiles/hello_freertos.dir/__/lib/freertos/portable/MemMang/heap_4.c.o
LOAD CMakeFiles/hello_freertos.dir/__/lib/freertos/portable/ThirdParty/GCC/RP2040/port.c.o
LOAD CMakeFiles/hello_freertos.dir/__/lib/freertos/croutine.c.o
LOAD CMakeFiles/hello_freertos.dir/__/lib/freertos/event_groups.c.o
LOAD CMakeFiles/hello_freertos.dir/__/lib/freertos/list.c.o
LOAD CMakeFiles/hello_freertos.dir/__/lib/freertos/queue.c.o
LOAD CMakeFiles/hello_freertos.dir/__/lib/freertos/stream_buffer.c.o
LOAD CMakeFiles/hello_freertos.dir/__/lib/freertos/tasks.c.o
LOAD CMakeFiles/hello_freertos.dir/__/lib/freertos/timers.c.o
LOAD CMakeFiles/hello_freertos.dir/home/vincent/pico-sdk/src/rp2_common/hardware_exception/exception.c.o
LOAD CMakeFiles/hello_freertos.dir/home/vincent/pico-sdk/src/rp2_common/pico_cyw43_arch/cyw43_arch.c.o
LOAD CMakeFiles/hello_freertos.dir/home/vincent/pico-sdk/src/rp2_common/pico_cyw43_arch/cyw43_arch_poll.c.o
LOAD CMakeFiles/hello_freertos.dir/home/vincent/pico-sdk/src/rp2_common/pico_cyw43_arch/cyw43_arch_threadsafe_background.c.o
LOAD CMakeFiles/hello_freertos.dir/home/vincent/pico-sdk/src/rp2_common/pico_cyw43_arch/cyw43_arch_freertos.c.o
LOAD CMakeFiles/hello_freertos.dir/home/vincent/pico-sdk/src/rp2_common/pico_cyw43_driver/cyw43_bus_pio_spi.c.o
LOAD CMakeFiles/hello_freertos.dir/home/vincent/pico-sdk/lib/cyw43-driver/src/cyw43_ll.c.o
LOAD CMakeFiles/hello_freertos.dir/home/vincent/pico-sdk/lib/cyw43-driver/src/cyw43_stats.c.o
LOAD CMakeFiles/hello_freertos.dir/home/vincent/pico-sdk/lib/cyw43-driver/src/cyw43_lwip.c.o
LOAD CMakeFiles/hello_freertos.dir/home/vincent/pico-sdk/lib/cyw43-driver/src/cyw43_ctrl.c.o
LOAD CMakeFiles/hello_freertos.dir/home/vincent/pico-sdk/src/rp2_common/pico_cyw43_driver/cybt_shared_bus/cybt_shared_bus.c.o
LOAD CMakeFiles/hello_freertos.dir/home/vincent/pico-sdk/src/rp2_common/pico_cyw43_driver/cybt_shared_bus/cybt_shared_bus_driver.c.o
LOAD CMakeFiles/hello_freertos.dir/home/vincent/pico-sdk/src/rp2_common/hardware_pio/pio.c.o
LOAD CMakeFiles/hello_freertos.dir/home/vincent/pico-sdk/src/rp2_common/hardware_dma/dma.c.o
LOAD CMakeFiles/hello_freertos.dir/home/vincent/pico-sdk/src/rp2_common/pico_cyw43_driver/cyw43_driver.c.o
LOAD CMakeFiles/hello_freertos.dir/home/vincent/pico-sdk/src/rp2_common/pico_async_context/async_context_threadsafe_background.c.o
LOAD ../pico-sdk/src/rp2040/boot_stage2/CMakeFiles/bs2_default_library.dir/bs2_default_padded_checksummed.S.o
LOAD /usr/lib/gcc/arm-none-eabi/13.2.1/../../../arm-none-eabi/lib/thumb/v6-m/nofp/libstdc++.a
LOAD /usr/lib/gcc/arm-none-eabi/13.2.1/../../../arm-none-eabi/lib/thumb/v6-m/nofp/libm.a
START GROUP
LOAD /usr/lib/gcc/arm-none-eabi/13.2.1/thumb/v6-m/nofp/libgcc.a
LOAD /usr/lib/gcc/arm-none-eabi/13.2.1/../../../arm-none-eabi/lib/thumb/v6-m/nofp/libg.a
LOAD /usr/lib/gcc/arm-none-eabi/13.2.1/../../../arm-none-eabi/lib/thumb/v6-m/nofp/libc.a
END GROUP
                0x20000000                        PROVIDE (RAM_ORIGIN = RAM_ORIGIN_DEFAULT)
                0x00040000                        PROVIDE (RAM_LENGTH = RAM_LENGTH_DEFAULT)
                0x20040000                        PROVIDE (SCRATCH_X_ORIGIN = SCRATCH_X_ORIGIN_DEFAULT)
                0x00001000                        PROVIDE (SCRATCH_X_LENGTH = SCRATCH_X_LENGTH_DEFAULT)
                0x20041000                        PROVIDE (SCRATCH_Y_ORIGIN = SCRATCH_Y_ORIGIN_DEFAULT)
                0x00001000                        PROVIDE (SCRATCH_Y_LENGTH = SCRATCH_Y_LENGTH_DEFAULT)
                0x15000000                        PROVIDE (XIP_RAM_ORIGIN = XIP_RAM_ORIGIN_DEFAULT)
                0x00004000                        PROVIDE (XIP_RAM_LENGTH = XIP_RAM_LENGTH_DEFAULT)
                0x20000000                        RAM_ORIGIN = DEFINED (RAM_ORIGIN)?RAM_ORIGIN:RAM_ORIGIN_DEFAULT
                0x00040000                        RAM_LENGTH = DEFINED (RAM_LENGTH)?RAM_LENGTH:RAM_LENGTH_DEFAULT
                0x20040000                        SCRATCH_X_ORIGIN = DEFINED (SCRATCH_X_ORIGIN)?SCRATCH_X_ORIGIN:SCRATCH_X_ORIGIN_DEFAULT
                0x00001000                        SCRATCH_X_LENGTH = DEFINED (SCRATCH_X_LENGTH)?SCRATCH_X_LENGTH:SCRATCH_X_LENGTH_DEFAULT
                0x20041000                        SCRATCH_Y_ORIGIN = DEFINED (SCRATCH_Y_ORIGIN)?SCRATCH_Y_ORIGIN:SCRATCH_Y_ORIGIN_DEFAULT
                0x00001000                        SCRATCH_Y_LENGTH = DEFINED (SCRATCH_Y_LENGTH)?SCRATCH_Y_LENGTH:SCRATCH_Y_LENGTH_DEFAULT
                0x15000000                        XIP_RAM_ORIGIN = DEFINED (XIP_RAM_ORIGIN)?XIP_RAM_ORIGIN:XIP_RAM_ORIGIN_DEFAULT
                0x00004000                        XIP_RAM_LENGTH = DEFINED (XIP_RAM_LENGTH)?XIP_RAM_LENGTH:XIP_RAM_LENGTH_DEFAULT

.flash_begin    0x10000000        0x0
                0x10000000                        __flash_binary_start = .

.boot2          0x10000000      0x100
                0x10000000                        __boot2_start__ = .
 *(.boot2)
 .boot2         0x10000000      0x100 ../pico-sdk/src/rp2040/boot_stage2/CMakeFiles/bs2_default_library.dir/bs2_default_padded_checksummed.S.o
                0x10000100                        __boot2_end__ = .
                0x00000001                        ASSERT (((__boot2_end__ - __boot2_start__) == 0x100), ERROR: Pico second stage bootloader must be exactly 256 bytes in size for RP2040)

.text           0x10000100     0xd148
                0x10000100                        __logical_binary_start = .
 *(.vectors)
 .vectors       0x10000100       0xd4 CMakeFiles/hello_freertos.dir/home/vincent/pico-sdk/src/rp2_common/pico_crt0/crt0.S.o
                0x10000100                __vectors
                0x10000100                __VECTOR_TABLE
                0x100001c0                isr_irq30
                0x100001c0                __unhandled_user_irq
                0x100001c0                isr_irq13
                0x100001c0                isr_irq27
                0x100001c0                isr_irq31
                0x100001c0                isr_irq5
                0x100001c0                isr_irq11
                0x100001c0                isr_irq23
                0x100001c0                isr_irq18
                0x100001c0                isr_irq28
                0x100001c0                isr_irq19
                0x100001c0                isr_irq0
                0x100001c0                isr_irq6
                0x100001c0                isr_irq22
                0x100001c0                isr_irq17
                0x100001c0                isr_irq14
                0x100001c0                __vectors_end
                0x100001c0                __default_isrs_start
                0x100001c0                isr_irq2
                0x100001c0                isr_irq10
                0x100001c0                isr_irq8
                0x100001c0                isr_irq24
                0x100001c0                isr_irq1
                0x100001c0                isr_irq7
                0x100001c0                isr_irq21
                0x100001c0                isr_irq20
                0x100001c0                isr_irq15
                0x100001c0                isr_irq25
                0x100001c0                isr_irq4
                0x100001c0                isr_irq16
                0x100001c0                isr_irq29
                0x100001c0                isr_irq26
                0x100001c0                isr_irq3
                0x100001c0                isr_irq12
                0x100001c0                isr_irq9
                0x100001c6                unhandled_user_irq_num_in_r0
                0x100001c8                isr_invalid
                0x100001ca                isr_nmi
                0x100001cc                isr_hardfault
                0x100001ce                isr_svcall
                0x100001d0                isr_pendsv
                0x100001d2                isr_systick
                0x100001d4                __default_isrs_end
 *(.binary_info_header)
 .binary_info_header
                0x100001d4       0x14 CMakeFiles/hello_freertos.dir/home/vincent/pico-sdk/src/rp2_common/pico_crt0/crt0.S.o
                0x100001e8                        __binary_info_header_end = .
 *(.embedded_block)
                0x100001e8                        __embedded_block_end = .
 *(.reset)
 .reset         0x100001e8       0x98 CMakeFiles/hello_freertos.dir/home/vincent/pico-sdk/src/rp2_common/pico_crt0/crt0.S.o
                0x100001e8                _entry_point
 *(.init)
 *libgcc.a:cmse_nonsecure_call.o()
 *(EXCLUDE_FILE(*libm.a: *lib*_a-mem*.o *libc.a: *libgcc.a:) .text*)
 .text.blink_task
                0x10000280       0x44 CMakeFiles/hello_freertos.dir/hello_freertos.c.o
                0x10000280                blink_task
 .text.main_task
                0x100002c4       0x60 CMakeFiles/hello_freertos.dir/hello_freertos.c.o
                0x100002c4                main_task
 .text.startup.main
                0x10000324       0x30 CMakeFiles/hello_freertos.dir/hello_freertos.c.o
                0x10000324                main
 .text.gpio_set_function
                0x10000354       0x34 CMakeFiles/hello_freertos.dir/home/vincent/pico-sdk/src/rp2_common/hardware_gpio/gpio.c.o
                0x10000354                gpio_set_function
 .text.gpio_set_pulls
                0x10000388       0x28 CMakeFiles/hello_freertos.dir/home/vincent/pico-sdk/src/rp2_common/hardware_gpio/gpio.c.o
                0x10000388                gpio_set_pulls
 .text.gpio_set_input_hysteresis_enabled
                0x100003b0       0x28 CMakeFiles/hello_freertos.dir/home/vincent/pico-sdk/src/rp2_common/hardware_gpio/gpio.c.o
                0x100003b0                gpio_set_input_hysteresis_enabled
 .text.gpio_set_irq_enabled
                0x100003d8       0x4c CMakeFiles/hello_freertos.dir/home/vincent/pico-sdk/src/rp2_common/hardware_gpio/gpio.c.o
                0x100003d8                gpio_set_irq_enabled
 .text.gpio_add_raw_irq_handler_with_order_priority_masked
                0x10000424       0x28 CMakeFiles/hello_freertos.dir/home/vincent/pico-sdk/src/rp2_common/hardware_gpio/gpio.c.o
                0x10000424                gpio_add_raw_irq_handler_with_order_priority_masked
 .text.gpio_remove_raw_irq_handler_masked
                0x1000044c       0x20 CMakeFiles/hello_freertos.dir/home/vincent/pico-sdk/src/rp2_common/hardware_gpio/gpio.c.o
                0x1000044c                gpio_remove_raw_irq_handler_masked
 .text.gpio_init
                0x1000046c       0x40 CMakeFiles/hello_freertos.dir/home/vincent/pico-sdk/src/rp2_common/hardware_gpio/gpio.c.o
                0x1000046c                gpio_init
 .text.rp2040_chip_version
                0x100004ac        0xc CMakeFiles/hello_freertos.dir/home/vincent/pico-sdk/src/rp2040/pico_platform/platform.c.o
                0x100004ac                rp2040_chip_version
 .text.panic    0x100004b8       0x30 CMakeFiles/hello_freertos.dir/home/vincent/pico-sdk/src/rp2_common/pico_platform_panic/panic.c.o
                0x100004b8                panic
 .text.panic_unsupported
                0x100004e8        0xc CMakeFiles/hello_freertos.dir/home/vincent/pico-sdk/src/rp2_common/pico_platform_panic/panic.c.o
                0x100004e8                panic_unsupported
 .text.hw_claim_lock
                0x100004f4       0x18 CMakeFiles/hello_freertos.dir/home/vincent/pico-sdk/src/common/hardware_claim/claim.c.o
                0x100004f4                hw_claim_lock
 .text.hw_claim_unlock
                0x1000050c       0x14 CMakeFiles/hello_freertos.dir/home/vincent/pico-sdk/src/common/hardware_claim/claim.c.o
                0x1000050c                hw_claim_unlock
 .text.hw_claim_or_assert
                0x10000520       0x44 CMakeFiles/hello_freertos.dir/home/vincent/pico-sdk/src/common/hardware_claim/claim.c.o
                0x10000520                hw_claim_or_assert
 .text.hw_claim_unused_from_range
                0x10000564       0x9c CMakeFiles/hello_freertos.dir/home/vincent/pico-sdk/src/common/hardware_claim/claim.c.o
                0x10000564                hw_claim_unused_from_range
 .text.hw_claim_clear
                0x10000600       0x38 CMakeFiles/hello_freertos.dir/home/vincent/pico-sdk/src/common/hardware_claim/claim.c.o
                0x10000600                hw_claim_clear
 .text.next_striped_spin_lock_num
                0x10000638       0x18 CMakeFiles/hello_freertos.dir/home/vincent/pico-sdk/src/rp2_common/hardware_sync/sync.c.o
                0x10000638                next_striped_spin_lock_num
 .text.spin_lock_claim_unused
                0x10000650       0x24 CMakeFiles/hello_freertos.dir/home/vincent/pico-sdk/src/rp2_common/hardware_sync/sync.c.o
                0x10000650                spin_lock_claim_unused
 .text.spin_locks_reset
                0x10000674       0x1c CMakeFiles/hello_freertos.dir/home/vincent/pico-sdk/src/rp2_common/hardware_sync_spin_lock/sync_spin_lock.c.o
                0x10000674                spin_locks_reset
 .text.runtime_init_per_core_irq_priorities
                0x10000690       0x24 CMakeFiles/hello_freertos.dir/home/vincent/pico-sdk/src/rp2_common/hardware_irq/irq.c.o
                0x10000690                runtime_init_per_core_irq_priorities
 .text.irq_set_enabled
                0x100006b4       0x24 CMakeFiles/hello_freertos.dir/home/vincent/pico-sdk/src/rp2_common/hardware_irq/irq.c.o
                0x100006b4                irq_set_enabled
 .text.irq_is_enabled
                0x100006d8       0x18 CMakeFiles/hello_freertos.dir/home/vincent/pico-sdk/src/rp2_common/hardware_irq/irq.c.o
                0x100006d8                irq_is_enabled
 .text.irq_set_pending
                0x100006f0       0x10 CMakeFiles/hello_freertos.dir/home/vincent/pico-sdk/src/rp2_common/hardware_irq/irq.c.o
                0x100006f0                irq_set_pending
 .text.irq_has_shared_handler
                0x10000700       0x24 CMakeFiles/hello_freertos.dir/home/vincent/pico-sdk/src/rp2_common/hardware_irq/irq.c.o
                0x10000700                irq_has_shared_handler
 .text.irq_set_exclusive_handler
                0x10000724       0x54 CMakeFiles/hello_freertos.dir/home/vincent/pico-sdk/src/rp2_common/hardware_irq/irq.c.o
                0x10000724                irq_set_exclusive_handler
 .text.irq_add_shared_handler
                0x10000778      0x1d8 CMakeFiles/hello_freertos.dir/home/vincent/pico-sdk/src/rp2_common/hardware_irq/irq.c.o
                0x10000778                irq_add_shared_handler
 .text.irq_remove_handler
                0x10000950      0x1d4 CMakeFiles/hello_freertos.dir/home/vincent/pico-sdk/src/rp2_common/hardware_irq/irq.c.o
                0x10000950                irq_remove_handler
 .text.irq_set_priority
                0x10000b24       0x28 CMakeFiles/hello_freertos.dir/home/vincent/pico-sdk/src/rp2_common/hardware_irq/irq.c.o
                0x10000b24                irq_set_priority
 .text.irq_add_tail_to_free_list
                0x10000b4c       0xcc CMakeFiles/hello_freertos.dir/home/vincent/pico-sdk/src/rp2_common/hardware_irq/irq.c.o
                0x10000b4c                irq_add_tail_to_free_list
 .text.user_irq_unclaim
                0x10000c18       0x14 CMakeFiles/hello_freertos.dir/home/vincent/pico-sdk/src/rp2_common/hardware_irq/irq.c.o
                0x10000c18                user_irq_unclaim
 .text.user_irq_claim_unused
                0x10000c2c       0x2c CMakeFiles/hello_freertos.dir/home/vincent/pico-sdk/src/rp2_common/hardware_irq/irq.c.o
                0x10000c2c                user_irq_claim_unused
 .text.sem_init
                0x10000c58       0x20 CMakeFiles/hello_freertos.dir/home/vincent/pico-sdk/src/common/pico_sync/sem.c.o
                0x10000c58                sem_init
 .text.lock_init
                0x10000c78       0x10 CMakeFiles/hello_freertos.dir/home/vincent/pico-sdk/src/common/pico_sync/lock_core.c.o
                0x10000c78                lock_init
 .text.runtime_init_mutex
                0x10000c88       0x54 CMakeFiles/hello_freertos.dir/home/vincent/pico-sdk/src/common/pico_sync/mutex.c.o
                0x10000c88                runtime_init_mutex
 .text.mutex_init
                0x10000cdc       0x1c CMakeFiles/hello_freertos.dir/home/vincent/pico-sdk/src/common/pico_sync/mutex.c.o
                0x10000cdc                mutex_init
 .text.recursive_mutex_init
                0x10000cf8       0x20 CMakeFiles/hello_freertos.dir/home/vincent/pico-sdk/src/common/pico_sync/mutex.c.o
                0x10000cf8                recursive_mutex_init
 .text.critical_section_init
                0x10000d18       0x1c CMakeFiles/hello_freertos.dir/home/vincent/pico-sdk/src/common/pico_sync/critical_section.c.o
                0x10000d18                critical_section_init
 .text.critical_section_init_with_lock_num
                0x10000d34       0x14 CMakeFiles/hello_freertos.dir/home/vincent/pico-sdk/src/common/pico_sync/critical_section.c.o
                0x10000d34                critical_section_init_with_lock_num
 .text.alarm_pool_irq_handler
                0x10000d48      0x2fc CMakeFiles/hello_freertos.dir/home/vincent/pico-sdk/src/common/pico_time/time.c.o
 .text.sleep_until_callback
                0x10001044       0x24 CMakeFiles/hello_freertos.dir/home/vincent/pico-sdk/src/common/pico_time/time.c.o
 .text.runtime_init_default_alarm_pool
                0x10001068       0xdc CMakeFiles/hello_freertos.dir/home/vincent/pico-sdk/src/common/pico_time/time.c.o
                0x10001068                runtime_init_default_alarm_pool
 .text.alarm_pool_get_default
                0x10001144        0x8 CMakeFiles/hello_freertos.dir/home/vincent/pico-sdk/src/common/pico_time/time.c.o
                0x10001144                alarm_pool_get_default
 .text.alarm_pool_create_on_timer_with_unused_hardware_alarm
                0x1000114c       0xb4 CMakeFiles/hello_freertos.dir/home/vincent/pico-sdk/src/common/pico_time/time.c.o
                0x1000114c                alarm_pool_create_on_timer_with_unused_hardware_alarm
 .text.alarm_pool_destroy
                0x10001200       0x5c CMakeFiles/hello_freertos.dir/home/vincent/pico-sdk/src/common/pico_time/time.c.o
                0x10001200                alarm_pool_destroy
 .text.alarm_pool_add_alarm_at
                0x1000125c       0xd4 CMakeFiles/hello_freertos.dir/home/vincent/pico-sdk/src/common/pico_time/time.c.o
                0x1000125c                alarm_pool_add_alarm_at
 .text.alarm_pool_add_alarm_at_force_in_context
                0x10001330       0xb0 CMakeFiles/hello_freertos.dir/home/vincent/pico-sdk/src/common/pico_time/time.c.o
                0x10001330                alarm_pool_add_alarm_at_force_in_context
 .text.alarm_pool_cancel_alarm
                0x100013e0       0x74 CMakeFiles/hello_freertos.dir/home/vincent/pico-sdk/src/common/pico_time/time.c.o
                0x100013e0                alarm_pool_cancel_alarm
 .text.alarm_pool_core_num
                0x10001454        0x4 CMakeFiles/hello_freertos.dir/home/vincent/pico-sdk/src/common/pico_time/time.c.o
                0x10001454                alarm_pool_core_num
 .text.sleep_until
                0x10001458       0xcc CMakeFiles/hello_freertos.dir/home/vincent/pico-sdk/src/common/pico_time/time.c.o
                0x10001458                sleep_until
 .text.best_effort_wfe_or_timeout
                0x10001524      0x118 CMakeFiles/hello_freertos.dir/home/vincent/pico-sdk/src/common/pico_time/time.c.o
                0x10001524                best_effort_wfe_or_timeout
 .text.alarm_pool_get_default_timer
                0x1000163c        0x8 CMakeFiles/hello_freertos.dir/home/vincent/pico-sdk/src/common/pico_time/time.c.o
                0x1000163c                alarm_pool_get_default_timer
 .text.timer_hardware_alarm_claim
                0x10001644       0x14 CMakeFiles/hello_freertos.dir/home/vincent/pico-sdk/src/rp2_common/hardware_timer/timer.c.o
                0x10001644                timer_hardware_alarm_claim
 .text.timer_hardware_alarm_unclaim
                0x10001658       0x10 CMakeFiles/hello_freertos.dir/home/vincent/pico-sdk/src/rp2_common/hardware_timer/timer.c.o
                0x10001658                timer_hardware_alarm_unclaim
 .text.timer_hardware_alarm_claim_unused
                0x10001668       0x20 CMakeFiles/hello_freertos.dir/home/vincent/pico-sdk/src/rp2_common/hardware_timer/timer.c.o
                0x10001668                timer_hardware_alarm_claim_unused
 .text.timer_time_us_64
                0x10001688       0x10 CMakeFiles/hello_freertos.dir/home/vincent/pico-sdk/src/rp2_common/hardware_timer/timer.c.o
                0x10001688                timer_time_us_64
 .text.time_us_64
                0x10001698       0x14 CMakeFiles/hello_freertos.dir/home/vincent/pico-sdk/src/rp2_common/hardware_timer/timer.c.o
                0x10001698                time_us_64
 .text.busy_wait_us
                0x100016ac       0x68 CMakeFiles/hello_freertos.dir/home/vincent/pico-sdk/src/rp2_common/hardware_timer/timer.c.o
                0x100016ac                busy_wait_us
 .text.busy_wait_until
                0x10001714       0x20 CMakeFiles/hello_freertos.dir/home/vincent/pico-sdk/src/rp2_common/hardware_timer/timer.c.o
                0x10001714                busy_wait_until
 .text.clock_configure_int_divider
                0x10001734       0xf4 CMakeFiles/hello_freertos.dir/home/vincent/pico-sdk/src/rp2_common/hardware_clocks/clocks.c.o
                0x10001734                clock_configure_int_divider
 .text.clock_configure_undivided
                0x10001828       0xe8 CMakeFiles/hello_freertos.dir/home/vincent/pico-sdk/src/rp2_common/hardware_clocks/clocks.c.o
                0x10001828                clock_configure_undivided
 .text.clock_get_hz
                0x10001910        0xc CMakeFiles/hello_freertos.dir/home/vincent/pico-sdk/src/rp2_common/hardware_clocks/clocks.c.o
                0x10001910                clock_get_hz
 .text.pll_init
                0x1000191c       0xa4 CMakeFiles/hello_freertos.dir/home/vincent/pico-sdk/src/rp2_common/hardware_pll/pll.c.o
                0x1000191c                pll_init
 .text.watchdog_reboot
                0x100019c0       0x9c CMakeFiles/hello_freertos.dir/home/vincent/pico-sdk/src/rp2_common/hardware_watchdog/watchdog.c.o
                0x100019c0                watchdog_reboot
 .text.tick_start
                0x10001a5c       0x10 CMakeFiles/hello_freertos.dir/home/vincent/pico-sdk/src/rp2_common/hardware_ticks/ticks.c.o
                0x10001a5c                tick_start
 .text.rom_func_lookup
                0x10001a6c       0x10 CMakeFiles/hello_freertos.dir/home/vincent/pico-sdk/src/rp2_common/pico_bootrom/bootrom.c.o
                0x10001a6c                rom_func_lookup
 .text.rom_data_lookup
                0x10001a7c       0x10 CMakeFiles/hello_freertos.dir/home/vincent/pico-sdk/src/rp2_common/pico_bootrom/bootrom.c.o
                0x10001a7c                rom_data_lookup
 .text.rom_funcs_lookup
                0x10001a8c       0x44 CMakeFiles/hello_freertos.dir/home/vincent/pico-sdk/src/rp2_common/pico_bootrom/bootrom.c.o
                0x10001a8c                rom_funcs_lookup
 .text.rom_reset_usb_boot
                0x10001ad0       0x20 CMakeFiles/hello_freertos.dir/home/vincent/pico-sdk/src/rp2_common/pico_bootrom/bootrom.c.o
                0x10001ad0                rom_reset_usb_boot
 .text.rom_reset_usb_boot_extra
                0x10001af0       0x28 CMakeFiles/hello_freertos.dir/home/vincent/pico-sdk/src/rp2_common/pico_bootrom/bootrom.c.o
                0x10001af0                rom_reset_usb_boot_extra
 .text.xosc_init
                0x10001b18       0x28 CMakeFiles/hello_freertos.dir/home/vincent/pico-sdk/src/rp2_common/hardware_xosc/xosc.c.o
                0x10001b18                xosc_init
 .text.first_per_core_initializer
                0x10001b40        0x4 CMakeFiles/hello_freertos.dir/home/vincent/pico-sdk/src/rp2_common/pico_runtime/runtime.c.o
 .text.hard_assertion_failure
                0x10001b44        0xc CMakeFiles/hello_freertos.dir/home/vincent/pico-sdk/src/rp2_common/pico_runtime/runtime.c.o
                0x10001b44                hard_assertion_failure
 .text.runtime_run_initializers
                0x10001b50       0x28 CMakeFiles/hello_freertos.dir/home/vincent/pico-sdk/src/rp2_common/pico_runtime/runtime.c.o
                0x10001b50                runtime_run_initializers
 .text.runtime_init_early_resets
                0x10001b78       0x2c CMakeFiles/hello_freertos.dir/home/vincent/pico-sdk/src/rp2_common/pico_runtime_init/runtime_init.c.o
                0x10001b78                runtime_init_early_resets
 .text.runtime_init_usb_power_down
                0x10001ba4       0x1c CMakeFiles/hello_freertos.dir/home/vincent/pico-sdk/src/rp2_common/pico_runtime_init/runtime_init.c.o
                0x10001ba4                runtime_init_usb_power_down
 .text.runtime_init_post_clock_resets
                0x10001bc0       0x20 CMakeFiles/hello_freertos.dir/home/vincent/pico-sdk/src/rp2_common/pico_runtime_init/runtime_init.c.o
                0x10001bc0                runtime_init_post_clock_resets
 .text.runtime_init_rp2040_gpio_ie_disable
                0x10001be0       0x14 CMakeFiles/hello_freertos.dir/home/vincent/pico-sdk/src/rp2_common/pico_runtime_init/runtime_init.c.o
                0x10001be0                runtime_init_rp2040_gpio_ie_disable
 .text.runtime_init_spin_locks_reset
                0x10001bf4        0x8 CMakeFiles/hello_freertos.dir/home/vincent/pico-sdk/src/rp2_common/pico_runtime_init/runtime_init.c.o
                0x10001bf4                runtime_init_spin_locks_reset
 .text.runtime_init_install_ram_vector_table
                0x10001bfc       0xb4 CMakeFiles/hello_freertos.dir/home/vincent/pico-sdk/src/rp2_common/pico_runtime_init/runtime_init.c.o
                0x10001bfc                runtime_init_install_ram_vector_table
 .text.runtime_init_clocks
                0x10001cb0       0xd8 CMakeFiles/hello_freertos.dir/home/vincent/pico-sdk/src/rp2_common/pico_runtime_init/runtime_init_clocks.c.o
                0x10001cb0                runtime_init_clocks
 .text          0x10001d88       0x10 CMakeFiles/hello_freertos.dir/home/vincent/pico-sdk/src/rp2_common/pico_bit_ops/bit_ops_aeabi.S.o
 .text.ctzsi    0x10001d98        0xc CMakeFiles/hello_freertos.dir/home/vincent/pico-sdk/src/rp2_common/pico_bit_ops/bit_ops_aeabi.S.o
                0x10001d98                __wrap___ctzsi2
 .text.__wrap___aeabi_idiv
                0x10001da4       0x50 CMakeFiles/hello_freertos.dir/home/vincent/pico-sdk/src/rp2_common/pico_divider/divider_hardware.S.o
                0x10001da4                __wrap___aeabi_idivmod
                0x10001da4                divmod_s32s32
                0x10001da4                div_s32s32
                0x10001da4                __wrap___aeabi_idiv
                0x10001dd8                divmod_s32s32_savestate
 .text.__wrap___aeabi_uidiv
                0x10001df4       0x4c CMakeFiles/hello_freertos.dir/home/vincent/pico-sdk/src/rp2_common/pico_divider/divider_hardware.S.o
                0x10001df4                __wrap___aeabi_uidiv
                0x10001df4                __wrap___aeabi_uidivmod
                0x10001df4                div_u32u32
                0x10001df4                divmod_u32u32
                0x10001e24                divmod_u32u32_savestate
 .text.__wrap___aeabi_ldiv
                0x10001e40      0x424 CMakeFiles/hello_freertos.dir/home/vincent/pico-sdk/src/rp2_common/pico_divider/divider_hardware.S.o
                0x10001e40                div_s64s64
                0x10001e40                divmod_s64s64
                0x10001e40                __wrap___aeabi_ldivmod
                0x10001e70                div_u64u64
                0x10001e70                divmod_u64u64
                0x10001e70                __wrap___aeabi_uldivmod
                0x10001e80                divmod_u64u64_savestate
                0x10001ea0                divmod_s64s64_unsafe
                0x10001f28                divmod_u64u64_unsafe
 .text.__wrap___aeabi_darithmetic
                0x10002264       0x60 CMakeFiles/hello_freertos.dir/home/vincent/pico-sdk/src/rp2_common/pico_double/double_aeabi_rp2040.S.o
                0x10002264                __wrap___aeabi_drsub
                0x1000226a                __wrap___aeabi_dsub
                0x10002274                __wrap___aeabi_dadd
                0x1000227e                __wrap___aeabi_ddiv
                0x100022b2                __wrap___aeabi_dmul
 .text.__wrap___aeabi_cdcmple
                0x100022c4       0x6c CMakeFiles/hello_freertos.dir/home/vincent/pico-sdk/src/rp2_common/pico_double/double_aeabi_rp2040.S.o
                0x100022c4                __wrap___aeabi_cdrcmple
                0x100022d4                __wrap___aeabi_cdcmple
                0x100022d4                __wrap___aeabi_cdcmpeq
 .text.__wrap___aeabi_dcmplt
                0x10002330        0xc CMakeFiles/hello_freertos.dir/home/vincent/pico-sdk/src/rp2_common/pico_double/double_aeabi_rp2040.S.o
                0x10002330                __wrap___aeabi_dcmplt
 .text.__wrap___aeabi_dcmpge
                0x1000233c       0x10 CMakeFiles/hello_freertos.dir/home/vincent/pico-sdk/src/rp2_common/pico_double/double_aeabi_rp2040.S.o
                0x1000233c                __wrap___aeabi_dcmpge
 .text.__wrap___aeabi_dcmpgt
                0x1000234c        0xa CMakeFiles/hello_freertos.dir/home/vincent/pico-sdk/src/rp2_common/pico_double/double_aeabi_rp2040.S.o
                0x1000234c                __wrap___aeabi_dcmpgt
 .text.__wrap___aeabi_dcmpun
                0x10002356       0x18 CMakeFiles/hello_freertos.dir/home/vincent/pico-sdk/src/rp2_common/pico_double/double_aeabi_rp2040.S.o
                0x10002356                __wrap___aeabi_dcmpun
 *fill*         0x1000236e        0x2 
 .text.__wrap___aeabi_i2d
                0x10002370       0x38 CMakeFiles/hello_freertos.dir/home/vincent/pico-sdk/src/rp2_common/pico_double/double_aeabi_rp2040.S.o
                0x10002370                __wrap___aeabi_ui2d
                0x10002370                uint2double
                0x10002378                __wrap___aeabi_i2d
                0x10002378                int2double
 .text.__wrap___aeabi_d2iz
                0x100023a8       0x48 CMakeFiles/hello_freertos.dir/home/vincent/pico-sdk/src/rp2_common/pico_double/double_aeabi_rp2040.S.o
                0x100023a8                __wrap___aeabi_d2iz
                0x100023a8                double2int_z
 .text.__wrap___aeabi_d2uiz
                0x100023f0       0x10 CMakeFiles/hello_freertos.dir/home/vincent/pico-sdk/src/rp2_common/pico_double/double_aeabi_rp2040.S.o
                0x100023f0                double2uint_z
                0x100023f0                double2uint
                0x100023f0                __wrap___aeabi_d2uiz
 .text.missing_double_func_shim
                0x10002400        0xc CMakeFiles/hello_freertos.dir/home/vincent/pico-sdk/src/rp2_common/pico_double/double_init_rom_rp2040.c.o
 .text.__aeabi_double_init
                0x1000240c       0xa0 CMakeFiles/hello_freertos.dir/home/vincent/pico-sdk/src/rp2_common/pico_double/double_init_rom_rp2040.c.o
                0x1000240c                __aeabi_double_init
 .text.double_table_shim_on_use_helper
                0x100024ac       0x2c CMakeFiles/hello_freertos.dir/home/vincent/pico-sdk/src/rp2_common/pico_double/double_v1_rom_shim_rp2040.S.o
                0x100024ac                double_table_shim_on_use_helper
 .text.__aeabi_lmul
                0x100024d8       0x32 CMakeFiles/hello_freertos.dir/home/vincent/pico-sdk/src/rp2_common/pico_int64_ops/pico_int64_ops_aeabi.S.o
                0x100024d8                __wrap___aeabi_lmul
 *fill*         0x1000250a        0x2 
 .text.missing_float_func_shim
                0x1000250c        0xc CMakeFiles/hello_freertos.dir/home/vincent/pico-sdk/src/rp2_common/pico_float/float_init_rom_rp2040.c.o
 .text.__aeabi_float_init
                0x10002518       0x5c CMakeFiles/hello_freertos.dir/home/vincent/pico-sdk/src/rp2_common/pico_float/float_init_rom_rp2040.c.o
                0x10002518                __aeabi_float_init
 .text.__wrap_malloc
                0x10002574       0x3c CMakeFiles/hello_freertos.dir/home/vincent/pico-sdk/src/rp2_common/pico_malloc/malloc.c.o
                0x10002574                __wrap_malloc
 .text.__wrap_calloc
                0x100025b0       0x44 CMakeFiles/hello_freertos.dir/home/vincent/pico-sdk/src/rp2_common/pico_malloc/malloc.c.o
                0x100025b0                __wrap_calloc
 .text.__wrap_free
                0x100025f4       0x20 CMakeFiles/hello_freertos.dir/home/vincent/pico-sdk/src/rp2_common/pico_malloc/malloc.c.o
                0x100025f4                __wrap_free
 .text          0x10002614       0x10 CMakeFiles/hello_freertos.dir/home/vincent/pico-sdk/src/rp2_common/pico_mem_ops/mem_ops_aeabi.S.o
                0x10002614                __aeabi_mem_init
 .text.memset   0x10002624        0xc CMakeFiles/hello_freertos.dir/home/vincent/pico-sdk/src/rp2_common/pico_mem_ops/mem_ops_aeabi.S.o
                0x10002624                __wrap_memset
 .text.memcpy   0x10002630        0xc CMakeFiles/hello_freertos.dir/home/vincent/pico-sdk/src/rp2_common/pico_mem_ops/mem_ops_aeabi.S.o
                0x10002630                __wrap___aeabi_memcpy
                0x10002630                __wrap_memcpy
 .text._out_null
                0x1000263c        0x4 CMakeFiles/hello_freertos.dir/home/vincent/pico-sdk/src/rp2_common/pico_printf/printf.c.o
 .text._out_rev
                0x10002640       0xac CMakeFiles/hello_freertos.dir/home/vincent/pico-sdk/src/rp2_common/pico_printf/printf.c.o
 .text._ntoa_format
                0x100026ec      0x250 CMakeFiles/hello_freertos.dir/home/vincent/pico-sdk/src/rp2_common/pico_printf/printf.c.o
 .text._out_char
                0x1000293c       0x10 CMakeFiles/hello_freertos.dir/home/vincent/pico-sdk/src/rp2_common/pico_printf/printf.c.o
 .text._out_fct
                0x1000294c       0x10 CMakeFiles/hello_freertos.dir/home/vincent/pico-sdk/src/rp2_common/pico_printf/printf.c.o
 .text._etoa    0x1000295c      0x464 CMakeFiles/hello_freertos.dir/home/vincent/pico-sdk/src/rp2_common/pico_printf/printf.c.o
 .text._ftoa    0x10002dc0      0x3c0 CMakeFiles/hello_freertos.dir/home/vincent/pico-sdk/src/rp2_common/pico_printf/printf.c.o
 .text._vsnprintf
                0x10003180      0xbc8 CMakeFiles/hello_freertos.dir/home/vincent/pico-sdk/src/rp2_common/pico_printf/printf.c.o
 .text.vfctprintf
                0x10003d48       0x20 CMakeFiles/hello_freertos.dir/home/vincent/pico-sdk/src/rp2_common/pico_printf/printf.c.o
                0x10003d48                vfctprintf
 .text.weak_raw_vprintf
                0x10003d68       0x30 CMakeFiles/hello_freertos.dir/home/vincent/pico-sdk/src/rp2_common/pico_printf/printf.c.o
                0x10003d68                weak_raw_vprintf
 .text._exit    0x10003d98        0xc CMakeFiles/hello_freertos.dir/home/vincent/pico-sdk/src/rp2_common/pico_clib_interface/newlib_interface.c.o
                0x10003d98                _exit
 .text._fini    0x10003da4        0x4 CMakeFiles/hello_freertos.dir/home/vincent/pico-sdk/src/rp2_common/pico_clib_interface/newlib_interface.c.o
                0x10003da4                _fini
 .text._sbrk    0x10003da8       0x34 CMakeFiles/hello_freertos.dir/home/vincent/pico-sdk/src/rp2_common/pico_clib_interface/newlib_interface.c.o
                0x10003da8                _sbrk
 .text.exit     0x10003ddc        0x8 CMakeFiles/hello_freertos.dir/home/vincent/pico-sdk/src/rp2_common/pico_clib_interface/newlib_interface.c.o
                0x10003ddc                exit
 .text.runtime_init
                0x10003de4       0x2c CMakeFiles/hello_freertos.dir/home/vincent/pico-sdk/src/rp2_common/pico_clib_interface/newlib_interface.c.o
                0x10003de4                runtime_init
 .text.stdio_out_chars_no_crlf
                0x10003e10       0x10 CMakeFiles/hello_freertos.dir/home/vincent/pico-sdk/src/rp2_common/pico_stdio/stdio.c.o
 .text.stdio_out_chars_crlf
                0x10003e20       0x94 CMakeFiles/hello_freertos.dir/home/vincent/pico-sdk/src/rp2_common/pico_stdio/stdio.c.o
 .text.stdio_buffered_printer
                0x10003eb4       0x58 CMakeFiles/hello_freertos.dir/home/vincent/pico-sdk/src/rp2_common/pico_stdio/stdio.c.o
 .text.stdio_put_string
                0x10003f0c      0x100 CMakeFiles/hello_freertos.dir/home/vincent/pico-sdk/src/rp2_common/pico_stdio/stdio.c.o
                0x10003f0c                stdio_put_string
 .text.stdio_set_driver_enabled
                0x1000400c       0x30 CMakeFiles/hello_freertos.dir/home/vincent/pico-sdk/src/rp2_common/pico_stdio/stdio.c.o
                0x1000400c                stdio_set_driver_enabled
 .text.stdio_init_all
                0x1000403c        0x8 CMakeFiles/hello_freertos.dir/home/vincent/pico-sdk/src/rp2_common/pico_stdio/stdio.c.o
                0x1000403c                stdio_init_all
 .text.__wrap_getchar
                0x10004044       0x7c CMakeFiles/hello_freertos.dir/home/vincent/pico-sdk/src/rp2_common/pico_stdio/stdio.c.o
                0x10004044                __wrap_getchar
                0x10004044                stdio_getchar
 .text.__wrap_putchar
                0x100040c0       0x98 CMakeFiles/hello_freertos.dir/home/vincent/pico-sdk/src/rp2_common/pico_stdio/stdio.c.o
                0x100040c0                stdio_putchar
                0x100040c0                __wrap_putchar
 .text.__wrap_puts
                0x10004158       0x3c CMakeFiles/hello_freertos.dir/home/vincent/pico-sdk/src/rp2_common/pico_stdio/stdio.c.o
                0x10004158                __wrap_puts
                0x10004158                stdio_puts
 .text.__wrap_vprintf
                0x10004194       0xd4 CMakeFiles/hello_freertos.dir/home/vincent/pico-sdk/src/rp2_common/pico_stdio/stdio.c.o
                0x10004194                __wrap_vprintf
                0x10004194                stdio_vprintf
 .text.__wrap_printf
                0x10004268       0x18 CMakeFiles/hello_freertos.dir/home/vincent/pico-sdk/src/rp2_common/pico_stdio/stdio.c.o
                0x10004268                stdio_printf
                0x10004268                __wrap_printf
 .text.stdio_usb_set_chars_available_callback
                0x10004280       0x14 CMakeFiles/hello_freertos.dir/home/vincent/pico-sdk/src/rp2_common/pico_stdio_usb/stdio_usb.c.o
                0x10004280                stdio_usb_set_chars_available_callback
 .text.usb_irq  0x10004294       0x10 CMakeFiles/hello_freertos.dir/home/vincent/pico-sdk/src/rp2_common/pico_stdio_usb/stdio_usb.c.o
 .text.timer_task
                0x100042a4       0x64 CMakeFiles/hello_freertos.dir/home/vincent/pico-sdk/src/rp2_common/pico_stdio_usb/stdio_usb.c.o
 .text.stdio_usb_in_chars
                0x10004308       0x90 CMakeFiles/hello_freertos.dir/home/vincent/pico-sdk/src/rp2_common/pico_stdio_usb/stdio_usb.c.o
                0x10004308                stdio_usb_in_chars
 .text.stdio_usb_out_flush
                0x10004398       0x50 CMakeFiles/hello_freertos.dir/home/vincent/pico-sdk/src/rp2_common/pico_stdio_usb/stdio_usb.c.o
 .text.stdio_usb_out_chars
                0x100043e8      0x104 CMakeFiles/hello_freertos.dir/home/vincent/pico-sdk/src/rp2_common/pico_stdio_usb/stdio_usb.c.o
 .text.low_priority_worker_irq
                0x100044ec       0xcc CMakeFiles/hello_freertos.dir/home/vincent/pico-sdk/src/rp2_common/pico_stdio_usb/stdio_usb.c.o
 .text.stdio_usb_init
                0x100045b8       0xec CMakeFiles/hello_freertos.dir/home/vincent/pico-sdk/src/rp2_common/pico_stdio_usb/stdio_usb.c.o
                0x100045b8                stdio_usb_init
 .text.tud_descriptor_device_cb
                0x100046a4        0x8 CMakeFiles/hello_freertos.dir/home/vincent/pico-sdk/src/rp2_common/pico_stdio_usb/stdio_usb_descriptors.c.o
                0x100046a4                tud_descriptor_device_cb
 .text.tud_descriptor_configuration_cb
                0x100046ac        0x8 CMakeFiles/hello_freertos.dir/home/vincent/pico-sdk/src/rp2_common/pico_stdio_usb/stdio_usb_descriptors.c.o
                0x100046ac                tud_descriptor_configuration_cb
 .text.tud_descriptor_string_cb
                0x100046b4       0x78 CMakeFiles/hello_freertos.dir/home/vincent/pico-sdk/src/rp2_common/pico_stdio_usb/stdio_usb_descriptors.c.o
                0x100046b4                tud_descriptor_string_cb
 .text.startup._retrieve_unique_id_on_boot
                0x1000472c       0x10 CMakeFiles/hello_freertos.dir/home/vincent/pico-sdk/src/rp2_common/pico_unique_id/unique_id.c.o
 .text.pico_get_unique_board_id
                0x1000473c       0x10 CMakeFiles/hello_freertos.dir/home/vincent/pico-sdk/src/rp2_common/pico_unique_id/unique_id.c.o
                0x1000473c                pico_get_unique_board_id
 .text.pico_get_unique_board_id_string
                0x1000474c      0x1a8 CMakeFiles/hello_freertos.dir/home/vincent/pico-sdk/src/rp2_common/pico_unique_id/unique_id.c.o
                0x1000474c                pico_get_unique_board_id_string
 .text.flash_get_unique_id
                0x100048f4       0x3c CMakeFiles/hello_freertos.dir/home/vincent/pico-sdk/src/rp2_common/hardware_flash/flash.c.o
                0x100048f4                flash_get_unique_id
 .text.usb_reset_interface_init
                0x10004930        0x4 CMakeFiles/hello_freertos.dir/home/vincent/pico-sdk/src/rp2_common/pico_usb_reset/usb_reset.c.o
                0x10004930                usb_reset_interface_init
 .text.usb_reset_interface_reset
                0x10004934        0xc CMakeFiles/hello_freertos.dir/home/vincent/pico-sdk/src/rp2_common/pico_usb_reset/usb_reset.c.o
                0x10004934                usb_reset_interface_reset
 .text.usb_reset_interface_open
                0x10004940       0x28 CMakeFiles/hello_freertos.dir/home/vincent/pico-sdk/src/rp2_common/pico_usb_reset/usb_reset.c.o
                0x10004940                usb_reset_interface_open
 .text.usb_reset_interface_xfer_cb
                0x10004968        0x4 CMakeFiles/hello_freertos.dir/home/vincent/pico-sdk/src/rp2_common/pico_usb_reset/usb_reset.c.o
                0x10004968                usb_reset_interface_xfer_cb
 .text.usb_reset_interface_control_xfer_cb
                0x1000496c       0x60 CMakeFiles/hello_freertos.dir/home/vincent/pico-sdk/src/rp2_common/pico_usb_reset/usb_reset.c.o
                0x1000496c                usb_reset_interface_control_xfer_cb
 .text.tud_descriptor_bos_cb
                0x100049cc        0x8 CMakeFiles/hello_freertos.dir/home/vincent/pico-sdk/src/rp2_common/pico_usb_reset/usb_reset.c.o
                0x100049cc                tud_descriptor_bos_cb
 .text.tud_vendor_control_xfer_cb
                0x100049d4       0x34 CMakeFiles/hello_freertos.dir/home/vincent/pico-sdk/src/rp2_common/pico_usb_reset/usb_reset.c.o
                0x100049d4                tud_vendor_control_xfer_cb
 .text.usbd_app_driver_get_cb
                0x10004a08        0xc CMakeFiles/hello_freertos.dir/home/vincent/pico-sdk/src/rp2_common/pico_usb_reset/usb_reset.c.o
                0x10004a08                usbd_app_driver_get_cb
 .text.tud_cdc_line_coding_cb
                0x10004a14       0x2c CMakeFiles/hello_freertos.dir/home/vincent/pico-sdk/src/rp2_common/pico_usb_reset/usb_reset.c.o
                0x10004a14                tud_cdc_line_coding_cb
 .text.dcd_init
                0x10004a40       0x90 CMakeFiles/hello_freertos.dir/home/vincent/pico-sdk/lib/tinyusb/src/portable/raspberrypi/rp2040/dcd_rp2040.c.o
                0x10004a40                dcd_init
 .text.dcd_int_enable
                0x10004ad0        0xc CMakeFiles/hello_freertos.dir/home/vincent/pico-sdk/lib/tinyusb/src/portable/raspberrypi/rp2040/dcd_rp2040.c.o
                0x10004ad0                dcd_int_enable
 .text.dcd_set_address
                0x10004adc       0x14 CMakeFiles/hello_freertos.dir/home/vincent/pico-sdk/lib/tinyusb/src/portable/raspberrypi/rp2040/dcd_rp2040.c.o
                0x10004adc                dcd_set_address
 .text.dcd_sof_enable
                0x10004af0       0x1c CMakeFiles/hello_freertos.dir/home/vincent/pico-sdk/lib/tinyusb/src/portable/raspberrypi/rp2040/dcd_rp2040.c.o
                0x10004af0                dcd_sof_enable
 .text.dcd_edpt0_status_complete
                0x10004b0c       0x1c CMakeFiles/hello_freertos.dir/home/vincent/pico-sdk/lib/tinyusb/src/portable/raspberrypi/rp2040/dcd_rp2040.c.o
                0x10004b0c                dcd_edpt0_status_complete
 .text.dcd_edpt_open
                0x10004b28       0xf8 CMakeFiles/hello_freertos.dir/home/vincent/pico-sdk/lib/tinyusb/src/portable/raspberrypi/rp2040/dcd_rp2040.c.o
                0x10004b28                dcd_edpt_open
 .text.dcd_edpt_close_all
                0x10004c20        0x8 CMakeFiles/hello_freertos.dir/home/vincent/pico-sdk/lib/tinyusb/src/portable/raspberrypi/rp2040/dcd_rp2040.c.o
                0x10004c20                dcd_edpt_close_all
 .text.dcd_edpt_xfer
                0x10004c28       0x24 CMakeFiles/hello_freertos.dir/home/vincent/pico-sdk/lib/tinyusb/src/portable/raspberrypi/rp2040/dcd_rp2040.c.o
                0x10004c28                dcd_edpt_xfer
 .text.dcd_edpt_stall
                0x10004c4c       0x34 CMakeFiles/hello_freertos.dir/home/vincent/pico-sdk/lib/tinyusb/src/portable/raspberrypi/rp2040/dcd_rp2040.c.o
                0x10004c4c                dcd_edpt_stall
 .text.dcd_edpt_clear_stall
                0x10004c80       0x30 CMakeFiles/hello_freertos.dir/home/vincent/pico-sdk/lib/tinyusb/src/portable/raspberrypi/rp2040/dcd_rp2040.c.o
                0x10004c80                dcd_edpt_clear_stall
 .text.rp2040_usb_init
                0x10004cb0       0x40 CMakeFiles/hello_freertos.dir/home/vincent/pico-sdk/lib/tinyusb/src/portable/raspberrypi/rp2040/rp2040_usb.c.o
                0x10004cb0                rp2040_usb_init
 .text.hw_endpoint_xfer_start
                0x10004cf0       0x40 CMakeFiles/hello_freertos.dir/home/vincent/pico-sdk/lib/tinyusb/src/portable/raspberrypi/rp2040/rp2040_usb.c.o
                0x10004cf0                hw_endpoint_xfer_start
 .text.tud_event_hook_cb
                0x10004d30        0x4 CMakeFiles/hello_freertos.dir/home/vincent/pico-sdk/lib/tinyusb/src/device/usbd.c.o
                0x10004d30                tud_event_hook_cb
 .text.tud_sof_cb
                0x10004d34        0x4 CMakeFiles/hello_freertos.dir/home/vincent/pico-sdk/lib/tinyusb/src/device/usbd.c.o
                0x10004d34                tud_sof_cb
 .text.tud_descriptor_device_qualifier_cb
                0x10004d38        0x4 CMakeFiles/hello_freertos.dir/home/vincent/pico-sdk/lib/tinyusb/src/device/usbd.c.o
                0x10004d38                tud_descriptor_device_qualifier_cb
 .text.tud_descriptor_other_speed_configuration_cb
                0x10004d3c        0x4 CMakeFiles/hello_freertos.dir/home/vincent/pico-sdk/lib/tinyusb/src/device/usbd.c.o
                0x10004d3c                tud_descriptor_other_speed_configuration_cb
 .text.tud_mount_cb
                0x10004d40        0x4 CMakeFiles/hello_freertos.dir/home/vincent/pico-sdk/lib/tinyusb/src/device/usbd.c.o
                0x10004d40                tud_mount_cb
 .text.tud_umount_cb
                0x10004d44        0x4 CMakeFiles/hello_freertos.dir/home/vincent/pico-sdk/lib/tinyusb/src/device/usbd.c.o
                0x10004d44                tud_umount_cb
 .text.tud_suspend_cb
                0x10004d48        0x4 CMakeFiles/hello_freertos.dir/home/vincent/pico-sdk/lib/tinyusb/src/device/usbd.c.o
                0x10004d48                tud_suspend_cb
 .text.tud_resume_cb
                0x10004d4c        0x4 CMakeFiles/hello_freertos.dir/home/vincent/pico-sdk/lib/tinyusb/src/device/usbd.c.o
                0x10004d4c                tud_resume_cb
 .text.tud_mounted
                0x10004d50       0x10 CMakeFiles/hello_freertos.dir/home/vincent/pico-sdk/lib/tinyusb/src/device/usbd.c.o
                0x10004d50                tud_mounted
 .text.tud_suspended
                0x10004d60       0x10 CMakeFiles/hello_freertos.dir/home/vincent/pico-sdk/lib/tinyusb/src/device/usbd.c.o
                0x10004d60                tud_suspended
 .text.tud_rhport_init
                0x10004d70       0xf4 CMakeFiles/hello_freertos.dir/home/vincent/pico-sdk/lib/tinyusb/src/device/usbd.c.o
                0x10004d70                tud_rhport_init
 .text.tud_task_ext
                0x10004e64      0x7d8 CMakeFiles/hello_freertos.dir/home/vincent/pico-sdk/lib/tinyusb/src/device/usbd.c.o
                0x10004e64                tud_task_ext
 .text.usbd_open_edpt_pair
                0x1000563c       0x9c CMakeFiles/hello_freertos.dir/home/vincent/pico-sdk/lib/tinyusb/src/device/usbd.c.o
                0x1000563c                usbd_open_edpt_pair
 .text.usbd_edpt_open
                0x100056d8       0x34 CMakeFiles/hello_freertos.dir/home/vincent/pico-sdk/lib/tinyusb/src/device/usbd.c.o
                0x100056d8                usbd_edpt_open
 .text.usbd_edpt_claim
                0x1000570c       0x28 CMakeFiles/hello_freertos.dir/home/vincent/pico-sdk/lib/tinyusb/src/device/usbd.c.o
                0x1000570c                usbd_edpt_claim
 .text.usbd_edpt_release
                0x10005734       0x28 CMakeFiles/hello_freertos.dir/home/vincent/pico-sdk/lib/tinyusb/src/device/usbd.c.o
                0x10005734                usbd_edpt_release
 .text.usbd_edpt_xfer
                0x1000575c       0x4c CMakeFiles/hello_freertos.dir/home/vincent/pico-sdk/lib/tinyusb/src/device/usbd.c.o
                0x1000575c                usbd_edpt_xfer
 .text.tud_control_status
                0x100057a8       0x2c CMakeFiles/hello_freertos.dir/home/vincent/pico-sdk/lib/tinyusb/src/device/usbd_control.c.o
                0x100057a8                tud_control_status
 .text.tud_control_xfer
                0x100057d4       0xac CMakeFiles/hello_freertos.dir/home/vincent/pico-sdk/lib/tinyusb/src/device/usbd_control.c.o
                0x100057d4                tud_control_xfer
 .text.usbd_control_reset
                0x10005880       0x14 CMakeFiles/hello_freertos.dir/home/vincent/pico-sdk/lib/tinyusb/src/device/usbd_control.c.o
                0x10005880                usbd_control_reset
 .text.usbd_control_set_complete_callback
                0x10005894        0xc CMakeFiles/hello_freertos.dir/home/vincent/pico-sdk/lib/tinyusb/src/device/usbd_control.c.o
                0x10005894                usbd_control_set_complete_callback
 .text.usbd_control_set_request
                0x100058a0       0x1c CMakeFiles/hello_freertos.dir/home/vincent/pico-sdk/lib/tinyusb/src/device/usbd_control.c.o
                0x100058a0                usbd_control_set_request
 .text.usbd_control_xfer_cb
                0x100058bc       0xec CMakeFiles/hello_freertos.dir/home/vincent/pico-sdk/lib/tinyusb/src/device/usbd_control.c.o
                0x100058bc                usbd_control_xfer_cb
 .text._prep_out_transaction.isra.0
                0x100059a8       0x6c CMakeFiles/hello_freertos.dir/home/vincent/pico-sdk/lib/tinyusb/src/class/cdc/cdc_device.c.o
 .text.tud_cdc_n_connected
                0x10005a14       0x2c CMakeFiles/hello_freertos.dir/home/vincent/pico-sdk/lib/tinyusb/src/class/cdc/cdc_device.c.o
                0x10005a14                tud_cdc_n_connected
 .text.tud_cdc_n_available
                0x10005a40       0x14 CMakeFiles/hello_freertos.dir/home/vincent/pico-sdk/lib/tinyusb/src/class/cdc/cdc_device.c.o
                0x10005a40                tud_cdc_n_available
 .text.tud_cdc_n_read
                0x10005a54       0x94 CMakeFiles/hello_freertos.dir/home/vincent/pico-sdk/lib/tinyusb/src/class/cdc/cdc_device.c.o
                0x10005a54                tud_cdc_n_read
 .text.tud_cdc_n_write_flush
                0x10005ae8       0x74 CMakeFiles/hello_freertos.dir/home/vincent/pico-sdk/lib/tinyusb/src/class/cdc/cdc_device.c.o
                0x10005ae8                tud_cdc_n_write_flush
 .text.tud_cdc_n_write
                0x10005b5c       0x40 CMakeFiles/hello_freertos.dir/home/vincent/pico-sdk/lib/tinyusb/src/class/cdc/cdc_device.c.o
                0x10005b5c                tud_cdc_n_write
 .text.tud_cdc_n_write_available
                0x10005b9c       0x14 CMakeFiles/hello_freertos.dir/home/vincent/pico-sdk/lib/tinyusb/src/class/cdc/cdc_device.c.o
                0x10005b9c                tud_cdc_n_write_available
 .text.cdcd_init
                0x10005bb0       0x70 CMakeFiles/hello_freertos.dir/home/vincent/pico-sdk/lib/tinyusb/src/class/cdc/cdc_device.c.o
                0x10005bb0                cdcd_init
 .text.cdcd_deinit
                0x10005c20       0x34 CMakeFiles/hello_freertos.dir/home/vincent/pico-sdk/lib/tinyusb/src/class/cdc/cdc_device.c.o
                0x10005c20                cdcd_deinit
 .text.cdcd_reset
                0x10005c54       0x4c CMakeFiles/hello_freertos.dir/home/vincent/pico-sdk/lib/tinyusb/src/class/cdc/cdc_device.c.o
                0x10005c54                cdcd_reset
 .text.cdcd_open
                0x10005ca0       0xa8 CMakeFiles/hello_freertos.dir/home/vincent/pico-sdk/lib/tinyusb/src/class/cdc/cdc_device.c.o
                0x10005ca0                cdcd_open
 .text.cdcd_control_xfer_cb
                0x10005d48       0xe8 CMakeFiles/hello_freertos.dir/home/vincent/pico-sdk/lib/tinyusb/src/class/cdc/cdc_device.c.o
                0x10005d48                cdcd_control_xfer_cb
 .text.cdcd_xfer_cb
                0x10005e30      0x100 CMakeFiles/hello_freertos.dir/home/vincent/pico-sdk/lib/tinyusb/src/class/cdc/cdc_device.c.o
                0x10005e30                cdcd_xfer_cb
 .text.tusb_rhport_init
                0x10005f30       0x48 CMakeFiles/hello_freertos.dir/home/vincent/pico-sdk/lib/tinyusb/src/tusb.c.o
                0x10005f30                tusb_rhport_init
 .text.tu_edpt_claim
                0x10005f78       0x50 CMakeFiles/hello_freertos.dir/home/vincent/pico-sdk/lib/tinyusb/src/tusb.c.o
                0x10005f78                tu_edpt_claim
 .text.tu_edpt_release
                0x10005fc8       0x38 CMakeFiles/hello_freertos.dir/home/vincent/pico-sdk/lib/tinyusb/src/tusb.c.o
                0x10005fc8                tu_edpt_release
 .text.tu_edpt_validate
                0x10006000       0x7c CMakeFiles/hello_freertos.dir/home/vincent/pico-sdk/lib/tinyusb/src/tusb.c.o
                0x10006000                tu_edpt_validate
 .text.tu_edpt_bind_driver
                0x1000607c       0x34 CMakeFiles/hello_freertos.dir/home/vincent/pico-sdk/lib/tinyusb/src/tusb.c.o
                0x1000607c                tu_edpt_bind_driver
 .text.tu_fifo_config
                0x100060b0       0x6c CMakeFiles/hello_freertos.dir/home/vincent/pico-sdk/lib/tinyusb/src/common/tusb_fifo.c.o
                0x100060b0                tu_fifo_config
 .text.tu_fifo_count
                0x1000611c       0x2c CMakeFiles/hello_freertos.dir/home/vincent/pico-sdk/lib/tinyusb/src/common/tusb_fifo.c.o
                0x1000611c                tu_fifo_count
 .text.tu_fifo_empty
                0x10006148       0x10 CMakeFiles/hello_freertos.dir/home/vincent/pico-sdk/lib/tinyusb/src/common/tusb_fifo.c.o
                0x10006148                tu_fifo_empty
 .text.tu_fifo_remaining
                0x10006158       0x2c CMakeFiles/hello_freertos.dir/home/vincent/pico-sdk/lib/tinyusb/src/common/tusb_fifo.c.o
                0x10006158                tu_fifo_remaining
 .text.tu_fifo_read
                0x10006184       0x9c CMakeFiles/hello_freertos.dir/home/vincent/pico-sdk/lib/tinyusb/src/common/tusb_fifo.c.o
                0x10006184                tu_fifo_read
 .text.tu_fifo_read_n
                0x10006220       0xe8 CMakeFiles/hello_freertos.dir/home/vincent/pico-sdk/lib/tinyusb/src/common/tusb_fifo.c.o
                0x10006220                tu_fifo_read_n
 .text.tu_fifo_write
                0x10006308       0xa8 CMakeFiles/hello_freertos.dir/home/vincent/pico-sdk/lib/tinyusb/src/common/tusb_fifo.c.o
                0x10006308                tu_fifo_write
 .text.tu_fifo_write_n
                0x100063b0      0x178 CMakeFiles/hello_freertos.dir/home/vincent/pico-sdk/lib/tinyusb/src/common/tusb_fifo.c.o
                0x100063b0                tu_fifo_write_n
 .text.tu_fifo_clear
                0x10006528       0x40 CMakeFiles/hello_freertos.dir/home/vincent/pico-sdk/lib/tinyusb/src/common/tusb_fifo.c.o
                0x10006528                tu_fifo_clear
 .text.tu_fifo_set_overwritable
                0x10006568       0x48 CMakeFiles/hello_freertos.dir/home/vincent/pico-sdk/lib/tinyusb/src/common/tusb_fifo.c.o
                0x10006568                tu_fifo_set_overwritable
 .text.runtime_init_per_core_tls_setup
                0x100065b0        0xc CMakeFiles/hello_freertos.dir/home/vincent/pico-sdk/src/rp2_common/pico_thread_local/thread_local.c.o
                0x100065b0                runtime_init_per_core_tls_setup
 .text.async_context_base_add_at_time_worker
                0x100065bc       0x24 CMakeFiles/hello_freertos.dir/home/vincent/pico-sdk/src/rp2_common/pico_async_context/async_context_base.c.o
                0x100065bc                async_context_base_add_at_time_worker
 .text.async_context_base_remove_at_time_worker
                0x100065e0       0x28 CMakeFiles/hello_freertos.dir/home/vincent/pico-sdk/src/rp2_common/pico_async_context/async_context_base.c.o
                0x100065e0                async_context_base_remove_at_time_worker
 .text.async_context_base_add_when_pending_worker
                0x10006608       0x24 CMakeFiles/hello_freertos.dir/home/vincent/pico-sdk/src/rp2_common/pico_async_context/async_context_base.c.o
                0x10006608                async_context_base_add_when_pending_worker
 .text.async_context_base_remove_when_pending_worker
                0x1000662c       0x28 CMakeFiles/hello_freertos.dir/home/vincent/pico-sdk/src/rp2_common/pico_async_context/async_context_base.c.o
                0x1000662c                async_context_base_remove_when_pending_worker
 .text.async_context_base_execute_once
                0x10006654      0x108 CMakeFiles/hello_freertos.dir/home/vincent/pico-sdk/src/rp2_common/pico_async_context/async_context_base.c.o
                0x10006654                async_context_base_execute_once
 .text.async_context_base_needs_servicing
                0x1000675c       0x54 CMakeFiles/hello_freertos.dir/home/vincent/pico-sdk/src/rp2_common/pico_async_context/async_context_base.c.o
                0x1000675c                async_context_base_needs_servicing
 .text.pvPortMalloc
                0x100067b0      0x124 CMakeFiles/hello_freertos.dir/__/lib/freertos/portable/MemMang/heap_4.c.o
                0x100067b0                pvPortMalloc
 .text.vPortFree
                0x100068d4       0x98 CMakeFiles/hello_freertos.dir/__/lib/freertos/portable/MemMang/heap_4.c.o
                0x100068d4                vPortFree
 .text.vPortSVCHandler
                0x1000696c        0x4 CMakeFiles/hello_freertos.dir/__/lib/freertos/portable/ThirdParty/GCC/RP2040/port.c.o
                0x1000696c                vPortSVCHandler
 .text.vPortStartFirstTask
                0x10006970       0x34 CMakeFiles/hello_freertos.dir/__/lib/freertos/portable/ThirdParty/GCC/RP2040/port.c.o
 *fill*         0x100069a4        0xc 
 .text.xPortPendSVHandler
                0x100069b0       0x64 CMakeFiles/hello_freertos.dir/__/lib/freertos/portable/ThirdParty/GCC/RP2040/port.c.o
                0x100069b0                xPortPendSVHandler
 .text.prvFIFOInterruptHandler
                0x10006a14       0x78 CMakeFiles/hello_freertos.dir/__/lib/freertos/portable/ThirdParty/GCC/RP2040/port.c.o
 .text.prvTaskExitError
                0x10006a8c        0x8 CMakeFiles/hello_freertos.dir/__/lib/freertos/portable/ThirdParty/GCC/RP2040/port.c.o
 .text.pxPortInitialiseStack
                0x10006a94       0x20 CMakeFiles/hello_freertos.dir/__/lib/freertos/portable/ThirdParty/GCC/RP2040/port.c.o
                0x10006a94                pxPortInitialiseStack
 .text.vPortYield
                0x10006ab4       0x18 CMakeFiles/hello_freertos.dir/__/lib/freertos/portable/ThirdParty/GCC/RP2040/port.c.o
                0x10006ab4                vPortYield
 .text.vPortEnterCritical
                0x10006acc       0x18 CMakeFiles/hello_freertos.dir/__/lib/freertos/portable/ThirdParty/GCC/RP2040/port.c.o
                0x10006acc                vPortEnterCritical
 .text.vPortExitCritical
                0x10006ae4       0x34 CMakeFiles/hello_freertos.dir/__/lib/freertos/portable/ThirdParty/GCC/RP2040/port.c.o
                0x10006ae4                vPortExitCritical
 .text.ulSetInterruptMaskFromISR
                0x10006b18        0x8 CMakeFiles/hello_freertos.dir/__/lib/freertos/portable/ThirdParty/GCC/RP2040/port.c.o
                0x10006b18                ulSetInterruptMaskFromISR
 .text.vClearInterruptMaskFromISR
                0x10006b20        0x8 CMakeFiles/hello_freertos.dir/__/lib/freertos/portable/ThirdParty/GCC/RP2040/port.c.o
                0x10006b20                vClearInterruptMaskFromISR
 .text.xPortSysTickHandler
                0x10006b28       0x24 CMakeFiles/hello_freertos.dir/__/lib/freertos/portable/ThirdParty/GCC/RP2040/port.c.o
                0x10006b28                xPortSysTickHandler
 .text.vPortSetupTimerInterrupt
                0x10006b4c       0x34 CMakeFiles/hello_freertos.dir/__/lib/freertos/portable/ThirdParty/GCC/RP2040/port.c.o
                0x10006b4c                vPortSetupTimerInterrupt
 .text.xPortStartScheduler
                0x10006b80       0x9c CMakeFiles/hello_freertos.dir/__/lib/freertos/portable/ThirdParty/GCC/RP2040/port.c.o
                0x10006b80                xPortStartScheduler
 .text.ulPortLockGetCurrentOwnerId
                0x10006c1c       0x2c CMakeFiles/hello_freertos.dir/__/lib/freertos/portable/ThirdParty/GCC/RP2040/port.c.o
                0x10006c1c                ulPortLockGetCurrentOwnerId
 .text.vPortLockInternalSpinUnlockWithWait
                0x10006c48       0x68 CMakeFiles/hello_freertos.dir/__/lib/freertos/portable/ThirdParty/GCC/RP2040/port.c.o
                0x10006c48                vPortLockInternalSpinUnlockWithWait
 .text.vPortLockInternalSpinUnlockWithNotify
                0x10006cb0       0xc8 CMakeFiles/hello_freertos.dir/__/lib/freertos/portable/ThirdParty/GCC/RP2040/port.c.o
                0x10006cb0                vPortLockInternalSpinUnlockWithNotify
 .text.xPortLockInternalSpinUnlockWithBestEffortWaitOrTimeout
                0x10006d78       0xfc CMakeFiles/hello_freertos.dir/__/lib/freertos/portable/ThirdParty/GCC/RP2040/port.c.o
                0x10006d78                xPortLockInternalSpinUnlockWithBestEffortWaitOrTimeout
 .text.startup.prvRuntimeInitializer
                0x10006e74       0x28 CMakeFiles/hello_freertos.dir/__/lib/freertos/portable/ThirdParty/GCC/RP2040/port.c.o
 .text.vEventGroupSetBitsCallback
                0x10006e9c       0x90 CMakeFiles/hello_freertos.dir/__/lib/freertos/event_groups.c.o
                0x10006e9c                vEventGroupSetBitsCallback
 .text.xEventGroupCreate
                0x10006f2c       0x18 CMakeFiles/hello_freertos.dir/__/lib/freertos/event_groups.c.o
                0x10006f2c                xEventGroupCreate
 .text.xEventGroupWaitBits
                0x10006f44       0xb8 CMakeFiles/hello_freertos.dir/__/lib/freertos/event_groups.c.o
                0x10006f44                xEventGroupWaitBits
 .text.xEventGroupSetBits
                0x10006ffc       0x94 CMakeFiles/hello_freertos.dir/__/lib/freertos/event_groups.c.o
                0x10006ffc                xEventGroupSetBits
 .text.xEventGroupSetBitsFromISR
                0x10007090       0x18 CMakeFiles/hello_freertos.dir/__/lib/freertos/event_groups.c.o
                0x10007090                xEventGroupSetBitsFromISR
 .text.vListInitialise
                0x100070a8       0x18 CMakeFiles/hello_freertos.dir/__/lib/freertos/list.c.o
                0x100070a8                vListInitialise
 .text.vListInitialiseItem
                0x100070c0        0x8 CMakeFiles/hello_freertos.dir/__/lib/freertos/list.c.o
                0x100070c0                vListInitialiseItem
 .text.vListInsert
                0x100070c8       0x30 CMakeFiles/hello_freertos.dir/__/lib/freertos/list.c.o
                0x100070c8                vListInsert
 .text.uxListRemove
                0x100070f8       0x20 CMakeFiles/hello_freertos.dir/__/lib/freertos/list.c.o
                0x100070f8                uxListRemove
 .text.prvUnlockQueue
                0x10007118      0x180 CMakeFiles/hello_freertos.dir/__/lib/freertos/queue.c.o
 .text.prvNotifyQueueSetContainer
                0x10007298       0x90 CMakeFiles/hello_freertos.dir/__/lib/freertos/queue.c.o
 .text.xQueueGenericCreate
                0x10007328       0xa4 CMakeFiles/hello_freertos.dir/__/lib/freertos/queue.c.o
                0x10007328                xQueueGenericCreate
 .text.xQueueGenericSendFromISR
                0x100073cc      0x134 CMakeFiles/hello_freertos.dir/__/lib/freertos/queue.c.o
                0x100073cc                xQueueGenericSendFromISR
 .text.xQueueReceive
                0x10007500      0x11c CMakeFiles/hello_freertos.dir/__/lib/freertos/queue.c.o
                0x10007500                xQueueReceive
 .text.vQueueAddToRegistry
                0x1000761c      0x118 CMakeFiles/hello_freertos.dir/__/lib/freertos/queue.c.o
                0x1000761c                vQueueAddToRegistry
 .text.vQueueWaitForMessageRestricted
                0x10007734       0x48 CMakeFiles/hello_freertos.dir/__/lib/freertos/queue.c.o
                0x10007734                vQueueWaitForMessageRestricted
 .text.prvAddNewTaskToReadyList
                0x1000777c      0x124 CMakeFiles/hello_freertos.dir/__/lib/freertos/tasks.c.o
 .text.prvIdleTask
                0x100078a0       0x60 CMakeFiles/hello_freertos.dir/__/lib/freertos/tasks.c.o
 .text.xTaskIncrementTick.part.0
                0x10007900      0x190 CMakeFiles/hello_freertos.dir/__/lib/freertos/tasks.c.o
 .text.xTaskCreate
                0x10007a90      0x138 CMakeFiles/hello_freertos.dir/__/lib/freertos/tasks.c.o
                0x10007a90                xTaskCreate
 .text.vTaskStartScheduler
                0x10007bc8       0xd8 CMakeFiles/hello_freertos.dir/__/lib/freertos/tasks.c.o
                0x10007bc8                vTaskStartScheduler
 .text.vTaskSuspendAll
                0x10007ca0       0x10 CMakeFiles/hello_freertos.dir/__/lib/freertos/tasks.c.o
                0x10007ca0                vTaskSuspendAll
 .text.xTaskResumeAll
                0x10007cb0      0x188 CMakeFiles/hello_freertos.dir/__/lib/freertos/tasks.c.o
                0x10007cb0                xTaskResumeAll
 .text.vTaskDelay
                0x10007e38       0x84 CMakeFiles/hello_freertos.dir/__/lib/freertos/tasks.c.o
                0x10007e38                vTaskDelay
 .text.xTaskGetTickCount
                0x10007ebc        0xc CMakeFiles/hello_freertos.dir/__/lib/freertos/tasks.c.o
                0x10007ebc                xTaskGetTickCount
 .text.uxTaskGetNumberOfTasks
                0x10007ec8        0xc CMakeFiles/hello_freertos.dir/__/lib/freertos/tasks.c.o
                0x10007ec8                uxTaskGetNumberOfTasks
 .text.xTaskIncrementTick
                0x10007ed4       0x24 CMakeFiles/hello_freertos.dir/__/lib/freertos/tasks.c.o
                0x10007ed4                xTaskIncrementTick
 .text.vTaskSwitchContext
                0x10007ef8       0x7c CMakeFiles/hello_freertos.dir/__/lib/freertos/tasks.c.o
                0x10007ef8                vTaskSwitchContext
 .text.vTaskPlaceOnEventList
                0x10007f74       0xa0 CMakeFiles/hello_freertos.dir/__/lib/freertos/tasks.c.o
                0x10007f74                vTaskPlaceOnEventList
 .text.vTaskPlaceOnUnorderedEventList
                0x10008014       0xc4 CMakeFiles/hello_freertos.dir/__/lib/freertos/tasks.c.o
                0x10008014                vTaskPlaceOnUnorderedEventList
 .text.vTaskPlaceOnEventListRestricted
                0x100080d8       0xf4 CMakeFiles/hello_freertos.dir/__/lib/freertos/tasks.c.o
                0x100080d8                vTaskPlaceOnEventListRestricted
 .text.xTaskRemoveFromEventList
                0x100081cc       0xcc CMakeFiles/hello_freertos.dir/__/lib/freertos/tasks.c.o
                0x100081cc                xTaskRemoveFromEventList
 .text.vTaskRemoveFromUnorderedEventList
                0x10008298       0x94 CMakeFiles/hello_freertos.dir/__/lib/freertos/tasks.c.o
                0x10008298                vTaskRemoveFromUnorderedEventList
 .text.vTaskInternalSetTimeOutState
                0x1000832c       0x18 CMakeFiles/hello_freertos.dir/__/lib/freertos/tasks.c.o
                0x1000832c                vTaskInternalSetTimeOutState
 .text.xTaskCheckForTimeOut
                0x10008344       0x74 CMakeFiles/hello_freertos.dir/__/lib/freertos/tasks.c.o
                0x10008344                xTaskCheckForTimeOut
 .text.vTaskMissedYield
                0x100083b8        0xc CMakeFiles/hello_freertos.dir/__/lib/freertos/tasks.c.o
                0x100083b8                vTaskMissedYield
 .text.xTaskGetCurrentTaskHandle
                0x100083c4        0xc CMakeFiles/hello_freertos.dir/__/lib/freertos/tasks.c.o
                0x100083c4                xTaskGetCurrentTaskHandle
 .text.xTaskPriorityDisinherit
                0x100083d0       0x64 CMakeFiles/hello_freertos.dir/__/lib/freertos/tasks.c.o
                0x100083d0                xTaskPriorityDisinherit
 .text.uxTaskResetEventItemValue
                0x10008434       0x18 CMakeFiles/hello_freertos.dir/__/lib/freertos/tasks.c.o
                0x10008434                uxTaskResetEventItemValue
 .text.prvTimerTask
                0x1000844c      0x38c CMakeFiles/hello_freertos.dir/__/lib/freertos/timers.c.o
 .text.xTimerCreateTimerTask
                0x100087d8       0x8c CMakeFiles/hello_freertos.dir/__/lib/freertos/timers.c.o
                0x100087d8                xTimerCreateTimerTask
 .text.xTimerPendFunctionCallFromISR
                0x10008864       0x28 CMakeFiles/hello_freertos.dir/__/lib/freertos/timers.c.o
                0x10008864                xTimerPendFunctionCallFromISR
 .text.exception_set_exclusive_handler
                0x1000888c       0x40 CMakeFiles/hello_freertos.dir/home/vincent/pico-sdk/src/rp2_common/hardware_exception/exception.c.o
                0x1000888c                exception_set_exclusive_handler
 .text.cyw43_arch_set_async_context
                0x100088cc        0xc CMakeFiles/hello_freertos.dir/home/vincent/pico-sdk/src/rp2_common/pico_cyw43_arch/cyw43_arch.c.o
                0x100088cc                cyw43_arch_set_async_context
 .text.cyw43_arch_gpio_put
                0x100088d8       0x14 CMakeFiles/hello_freertos.dir/home/vincent/pico-sdk/src/rp2_common/pico_cyw43_arch/cyw43_arch.c.o
                0x100088d8                cyw43_arch_gpio_put
 .text.cyw43_arch_async_context
                0x100088ec        0xc CMakeFiles/hello_freertos.dir/home/vincent/pico-sdk/src/rp2_common/pico_cyw43_arch/cyw43_arch.c.o
                0x100088ec                cyw43_arch_async_context
 .text.cyw43_arch_init
                0x100088f8       0x64 CMakeFiles/hello_freertos.dir/home/vincent/pico-sdk/src/rp2_common/pico_cyw43_arch/cyw43_arch_threadsafe_background.c.o
                0x100088f8                cyw43_arch_init
 .text.ns_delay.constprop.0
                0x1000895c       0x20 CMakeFiles/hello_freertos.dir/home/vincent/pico-sdk/src/rp2_common/pico_cyw43_driver/cyw43_bus_pio_spi.c.o
 .text.cyw43_spi_deinit
                0x1000897c       0x6c CMakeFiles/hello_freertos.dir/home/vincent/pico-sdk/src/rp2_common/pico_cyw43_driver/cyw43_bus_pio_spi.c.o
                0x1000897c                cyw43_spi_deinit
 .text.cyw43_spi_init
                0x100089e8      0x128 CMakeFiles/hello_freertos.dir/home/vincent/pico-sdk/src/rp2_common/pico_cyw43_driver/cyw43_bus_pio_spi.c.o
                0x100089e8                cyw43_spi_init
 .text.cyw43_spi_transfer
                0x10008b10      0x420 CMakeFiles/hello_freertos.dir/home/vincent/pico-sdk/src/rp2_common/pico_cyw43_driver/cyw43_bus_pio_spi.c.o
                0x10008b10                cyw43_spi_transfer
 .text.cyw43_spi_gpio_setup
                0x10008f30       0x3c CMakeFiles/hello_freertos.dir/home/vincent/pico-sdk/src/rp2_common/pico_cyw43_driver/cyw43_bus_pio_spi.c.o
                0x10008f30                cyw43_spi_gpio_setup
 .text.cyw43_spi_reset
                0x10008f6c       0x28 CMakeFiles/hello_freertos.dir/home/vincent/pico-sdk/src/rp2_common/pico_cyw43_driver/cyw43_bus_pio_spi.c.o
                0x10008f6c                cyw43_spi_reset
 .text.read_reg_u32_swap
                0x10008f94       0x3c CMakeFiles/hello_freertos.dir/home/vincent/pico-sdk/src/rp2_common/pico_cyw43_driver/cyw43_bus_pio_spi.c.o
                0x10008f94                read_reg_u32_swap
 .text.cyw43_read_reg_u32
                0x10008fd0       0x50 CMakeFiles/hello_freertos.dir/home/vincent/pico-sdk/src/rp2_common/pico_cyw43_driver/cyw43_bus_pio_spi.c.o
                0x10008fd0                cyw43_read_reg_u32
 .text.cyw43_read_reg_u16
                0x10009020       0x50 CMakeFiles/hello_freertos.dir/home/vincent/pico-sdk/src/rp2_common/pico_cyw43_driver/cyw43_bus_pio_spi.c.o
                0x10009020                cyw43_read_reg_u16
 .text.cyw43_read_reg_u8
                0x10009070       0x50 CMakeFiles/hello_freertos.dir/home/vincent/pico-sdk/src/rp2_common/pico_cyw43_driver/cyw43_bus_pio_spi.c.o
                0x10009070                cyw43_read_reg_u8
 .text.write_reg_u32_swap
                0x100090c0      0x214 CMakeFiles/hello_freertos.dir/home/vincent/pico-sdk/src/rp2_common/pico_cyw43_driver/cyw43_bus_pio_spi.c.o
                0x100090c0                write_reg_u32_swap
 .text.cyw43_write_reg_u32
                0x100092d4      0x214 CMakeFiles/hello_freertos.dir/home/vincent/pico-sdk/src/rp2_common/pico_cyw43_driver/cyw43_bus_pio_spi.c.o
                0x100092d4                cyw43_write_reg_u32
 .text.cyw43_write_reg_u16
                0x100094e8      0x214 CMakeFiles/hello_freertos.dir/home/vincent/pico-sdk/src/rp2_common/pico_cyw43_driver/cyw43_bus_pio_spi.c.o
                0x100094e8                cyw43_write_reg_u16
 .text.cyw43_write_reg_u8
                0x100096fc      0x214 CMakeFiles/hello_freertos.dir/home/vincent/pico-sdk/src/rp2_common/pico_cyw43_driver/cyw43_bus_pio_spi.c.o
                0x100096fc                cyw43_write_reg_u8
 .text.cyw43_read_bytes
                0x10009910       0x78 CMakeFiles/hello_freertos.dir/home/vincent/pico-sdk/src/rp2_common/pico_cyw43_driver/cyw43_bus_pio_spi.c.o
                0x10009910                cyw43_read_bytes
 .text.cyw43_write_bytes
                0x10009988       0xc0 CMakeFiles/hello_freertos.dir/home/vincent/pico-sdk/src/rp2_common/pico_cyw43_driver/cyw43_bus_pio_spi.c.o
                0x10009988                cyw43_write_bytes
 .text.cyw43_set_backplane_window
                0x10009a48       0x68 CMakeFiles/hello_freertos.dir/home/vincent/pico-sdk/lib/cyw43-driver/src/cyw43_ll.c.o
 .text.cyw43_ll_parse_async_event
                0x10009ab0      0x134 CMakeFiles/hello_freertos.dir/home/vincent/pico-sdk/lib/cyw43-driver/src/cyw43_ll.c.o
 .text.cyw43_kso_set
                0x10009be4       0x80 CMakeFiles/hello_freertos.dir/home/vincent/pico-sdk/lib/cyw43-driver/src/cyw43_ll.c.o
 .text.cyw43_ll_sdpcm_poll_device
                0x10009c64      0x238 CMakeFiles/hello_freertos.dir/home/vincent/pico-sdk/lib/cyw43-driver/src/cyw43_ll.c.o
 .text.cyw43_sdpcm_send_common
                0x10009e9c       0xfc CMakeFiles/hello_freertos.dir/home/vincent/pico-sdk/lib/cyw43-driver/src/cyw43_ll.c.o
 .text.cyw43_do_ioctl.part.0
                0x10009f98       0xc4 CMakeFiles/hello_freertos.dir/home/vincent/pico-sdk/lib/cyw43-driver/src/cyw43_ll.c.o
 .text.cyw43_download_resource
                0x1000a05c       0xd0 CMakeFiles/hello_freertos.dir/home/vincent/pico-sdk/lib/cyw43-driver/src/cyw43_ll.c.o
 .text.cyw43_write_iovar_u32.constprop.0
                0x1000a12c       0x98 CMakeFiles/hello_freertos.dir/home/vincent/pico-sdk/lib/cyw43-driver/src/cyw43_ll.c.o
 .text.cyw43_write_iovar_n
                0x1000a1c4       0x8c CMakeFiles/hello_freertos.dir/home/vincent/pico-sdk/lib/cyw43-driver/src/cyw43_ll.c.o
 .text.cyw43_read_backplane.constprop.0
                0x1000a250       0xe4 CMakeFiles/hello_freertos.dir/home/vincent/pico-sdk/lib/cyw43-driver/src/cyw43_ll.c.o
 .text.cyw43_write_backplane
                0x1000a334      0x10c CMakeFiles/hello_freertos.dir/home/vincent/pico-sdk/lib/cyw43-driver/src/cyw43_ll.c.o
 .text.reset_device_core.constprop.0
                0x1000a440      0x410 CMakeFiles/hello_freertos.dir/home/vincent/pico-sdk/lib/cyw43-driver/src/cyw43_ll.c.o
 .text.cyw43_ll_init
                0x1000a850       0x1c CMakeFiles/hello_freertos.dir/home/vincent/pico-sdk/lib/cyw43-driver/src/cyw43_ll.c.o
                0x1000a850                cyw43_ll_init
 .text.cyw43_ll_deinit
                0x1000a86c        0x8 CMakeFiles/hello_freertos.dir/home/vincent/pico-sdk/lib/cyw43-driver/src/cyw43_ll.c.o
                0x1000a86c                cyw43_ll_deinit
 .text.cyw43_ll_process_packets
                0x1000a874       0x54 CMakeFiles/hello_freertos.dir/home/vincent/pico-sdk/lib/cyw43-driver/src/cyw43_ll.c.o
                0x1000a874                cyw43_ll_process_packets
 .text.cyw43_ll_ioctl
                0x1000a8c8       0x80 CMakeFiles/hello_freertos.dir/home/vincent/pico-sdk/lib/cyw43-driver/src/cyw43_ll.c.o
                0x1000a8c8                cyw43_ll_ioctl
 .text.cyw43_ll_bus_sleep
                0x1000a948       0x34 CMakeFiles/hello_freertos.dir/home/vincent/pico-sdk/lib/cyw43-driver/src/cyw43_ll.c.o
                0x1000a948                cyw43_ll_bus_sleep
 .text.cyw43_ll_wifi_get_mac
                0x1000a97c       0x74 CMakeFiles/hello_freertos.dir/home/vincent/pico-sdk/lib/cyw43-driver/src/cyw43_ll.c.o
                0x1000a97c                cyw43_ll_wifi_get_mac
 .text.cyw43_ll_bus_init
                0x1000a9f0      0x920 CMakeFiles/hello_freertos.dir/home/vincent/pico-sdk/lib/cyw43-driver/src/cyw43_ll.c.o
                0x1000a9f0                cyw43_ll_bus_init
 .text.cyw43_ll_wifi_set_wpa_auth
                0x1000b310       0x4c CMakeFiles/hello_freertos.dir/home/vincent/pico-sdk/lib/cyw43-driver/src/cyw43_ll.c.o
                0x1000b310                cyw43_ll_wifi_set_wpa_auth
 .text.cyw43_ll_wifi_rejoin
                0x1000b35c       0x58 CMakeFiles/hello_freertos.dir/home/vincent/pico-sdk/lib/cyw43-driver/src/cyw43_ll.c.o
                0x1000b35c                cyw43_ll_wifi_rejoin
 .text.cyw43_ll_gpio_set
                0x1000b3b4       0x94 CMakeFiles/hello_freertos.dir/home/vincent/pico-sdk/lib/cyw43-driver/src/cyw43_ll.c.o
                0x1000b3b4                cyw43_ll_gpio_set
 .text.cyw43_ll_has_work
                0x1000b448       0x14 CMakeFiles/hello_freertos.dir/home/vincent/pico-sdk/lib/cyw43-driver/src/cyw43_ll.c.o
                0x1000b448                cyw43_ll_has_work
 .text.cyw43_poll_func
                0x1000b45c       0xc0 CMakeFiles/hello_freertos.dir/home/vincent/pico-sdk/lib/cyw43-driver/src/cyw43_ctrl.c.o
 .text.cyw43_init
                0x1000b51c       0x6c CMakeFiles/hello_freertos.dir/home/vincent/pico-sdk/lib/cyw43-driver/src/cyw43_ctrl.c.o
                0x1000b51c                cyw43_init
 .text.cyw43_deinit
                0x1000b588       0x90 CMakeFiles/hello_freertos.dir/home/vincent/pico-sdk/lib/cyw43-driver/src/cyw43_ctrl.c.o
                0x1000b588                cyw43_deinit
 .text.cyw43_cb_read_host_interrupt_pin
                0x1000b618        0xc CMakeFiles/hello_freertos.dir/home/vincent/pico-sdk/lib/cyw43-driver/src/cyw43_ctrl.c.o
                0x1000b618                cyw43_cb_read_host_interrupt_pin
 .text.cyw43_cb_ensure_awake
                0x1000b624        0xc CMakeFiles/hello_freertos.dir/home/vincent/pico-sdk/lib/cyw43-driver/src/cyw43_ctrl.c.o
                0x1000b624                cyw43_cb_ensure_awake
 .text.cyw43_cb_process_async_event
                0x1000b630      0x210 CMakeFiles/hello_freertos.dir/home/vincent/pico-sdk/lib/cyw43-driver/src/cyw43_ctrl.c.o
                0x1000b630                cyw43_cb_process_async_event
 .text.cyw43_gpio_set
                0x1000b840       0xa0 CMakeFiles/hello_freertos.dir/home/vincent/pico-sdk/lib/cyw43-driver/src/cyw43_ctrl.c.o
                0x1000b840                cyw43_gpio_set
 .text.pio_sm_set_pindirs_with_mask64
                0x1000b8e0       0xac CMakeFiles/hello_freertos.dir/home/vincent/pico-sdk/src/rp2_common/hardware_pio/pio.c.o
                0x1000b8e0                pio_sm_set_pindirs_with_mask64
 .text.pio_set_input_sync_bypass_with_mask64
                0x1000b98c       0x18 CMakeFiles/hello_freertos.dir/home/vincent/pico-sdk/src/rp2_common/hardware_pio/pio.c.o
                0x1000b98c                pio_set_input_sync_bypass_with_mask64
 .text.pio_sm_set_consecutive_pindirs
                0x1000b9a4       0xb4 CMakeFiles/hello_freertos.dir/home/vincent/pico-sdk/src/rp2_common/hardware_pio/pio.c.o
                0x1000b9a4                pio_sm_set_consecutive_pindirs
 .text.pio_claim_free_sm_and_add_program
                0x1000ba58      0x168 CMakeFiles/hello_freertos.dir/home/vincent/pico-sdk/src/rp2_common/hardware_pio/pio.c.o
                0x1000ba58                pio_claim_free_sm_and_add_program
 .text.pio_claim_free_sm_and_add_program_for_gpio_range
                0x1000bbc0       0x1c CMakeFiles/hello_freertos.dir/home/vincent/pico-sdk/src/rp2_common/hardware_pio/pio.c.o
                0x1000bbc0                pio_claim_free_sm_and_add_program_for_gpio_range
 .text.pio_remove_program_and_unclaim_sm
                0x1000bbdc       0x40 CMakeFiles/hello_freertos.dir/home/vincent/pico-sdk/src/rp2_common/hardware_pio/pio.c.o
                0x1000bbdc                pio_remove_program_and_unclaim_sm
 .text.dma_channel_unclaim
                0x1000bc1c       0x14 CMakeFiles/hello_freertos.dir/home/vincent/pico-sdk/src/rp2_common/hardware_dma/dma.c.o
                0x1000bc1c                dma_channel_unclaim
 .text.dma_claim_unused_channel
                0x1000bc30       0x24 CMakeFiles/hello_freertos.dir/home/vincent/pico-sdk/src/rp2_common/hardware_dma/dma.c.o
                0x1000bc30                dma_claim_unused_channel
 .text.dma_channel_cleanup
                0x1000bc54       0x64 CMakeFiles/hello_freertos.dir/home/vincent/pico-sdk/src/rp2_common/hardware_dma/dma.c.o
                0x1000bc54                dma_channel_cleanup
 .text.cyw43_sleep_timeout_reached
                0x1000bcb8       0x10 CMakeFiles/hello_freertos.dir/home/vincent/pico-sdk/src/rp2_common/pico_cyw43_driver/cyw43_driver.c.o
 .text.cyw43_irq_init
                0x1000bcc8       0x28 CMakeFiles/hello_freertos.dir/home/vincent/pico-sdk/src/rp2_common/pico_cyw43_driver/cyw43_driver.c.o
                0x1000bcc8                cyw43_irq_init
 .text.cyw43_irq_deinit
                0x1000bcf0       0x20 CMakeFiles/hello_freertos.dir/home/vincent/pico-sdk/src/rp2_common/pico_cyw43_driver/cyw43_driver.c.o
                0x1000bcf0                cyw43_irq_deinit
 .text.cyw43_gpio_irq_handler
                0x1000bd10       0x40 CMakeFiles/hello_freertos.dir/home/vincent/pico-sdk/src/rp2_common/pico_cyw43_driver/cyw43_driver.c.o
 .text.cyw43_do_poll
                0x1000bd50       0x70 CMakeFiles/hello_freertos.dir/home/vincent/pico-sdk/src/rp2_common/pico_cyw43_driver/cyw43_driver.c.o
 .text.cyw43_post_poll_hook